C51 COMPILER V9.60.7.0   MAIN                                                              11/20/2024 21:17:42 PAGE 1   


C51 COMPILER V9.60.7.0, COMPILATION OF MODULE MAIN
OBJECT MODULE PLACED IN ..\bin\main.obj
COMPILER INVOKED BY: C:\Users\user\embedded_development\C51\BIN\C51.EXE ..\app\main.c OPTIMIZE(0,SPEED) BROWSE INCDIR(..
                    -\include) DEBUG OBJECTEXTEND PRINT(.\Listings\main.lst) TABS(2) OBJECT(..\bin\main.obj)

line level    source

   1          #include<reg51.h>
   2          #include<delay.h>
   3          #include<global.h>
   4          #include<lcd.h>
   5          
   6          
   7          
   8            
   9          void main()
  10            {
  11   1          Init_LCD();
  12   1          while(1)
  13   1          {
  14   2          Set_LCD_Command(0x80); //Force cursor to the beginning ( 1st line)
  15   2          Set_LCD_String("Vinit");
  16   2          //Set_LCD_Char('A');
  17   2          Set_LCD_Command(0xC0); // Force cursor to the beginning ( 2nd line)
  18   2          Set_LCD_String("Goliys");
  19   2        //  Set_LCD_Char('B');
  20   2          }
  21   1        }
  22             
  23          
  24             


MODULE INFORMATION:   STATIC OVERLAYABLE
   CODE SIZE        =     34    ----
   CONSTANT SIZE    =     13    ----
   XDATA SIZE       =   ----    ----
   PDATA SIZE       =   ----    ----
   DATA SIZE        =   ----    ----
   IDATA SIZE       =   ----    ----
   BIT SIZE         =   ----    ----
END OF MODULE INFORMATION.


C51 COMPILATION COMPLETE.  0 WARNING(S),  0 ERROR(S)
