BL51 BANKED LINKER/LOCATER V6.22.4.0                                                    11/20/2024  20:00:06  PAGE 1


BL51 BANKED LINKER/LOCATER V6.22.4.0, INVOKED BY:
C:\USERS\USER\EMBEDDED_DEVELOPMENT\C51\BIN\BL51.EXE ..\bin\STARTUP.obj, ..\bin\main.obj, ..\bin\timer.obj TO ..\bin\time
>> r_basic PRINT (.\Listings\timer_basic.m51) CODE (0X0000-0X0FFF)


MEMORY MODEL: SMALL


INPUT MODULES INCLUDED:
  ..\bin\STARTUP.obj (?C_STARTUP)
  ..\bin\main.obj (MAIN)
  ..\bin\timer.obj (TIMER)
  C:\USERS\USER\EMBEDDED_DEVELOPMENT\C51\LIB\C51S.LIB (?C_INIT)


LINK MAP OF MODULE:  ..\bin\timer_basic (?C_STARTUP)


            TYPE    BASE      LENGTH    RELOCATION   SEGMENT NAME
            -----------------------------------------------------

            * * * * * * *   D A T A   M E M O R Y   * * * * * * *
            REG     0000H     0008H     ABSOLUTE     "REG BANK 0"
            DATA    0008H     0002H     UNIT         ?DT?TIMER
            IDATA   000AH     0001H     UNIT         ?STACK

            * * * * * * *   C O D E   M E M O R Y   * * * * * * *
            CODE    0000H     0003H     ABSOLUTE     
                    0003H     07FDH                  *** GAP ***
            CODE    0800H     008CH     UNIT         ?C_C51STARTUP
            CODE    088CH     0018H     UNIT         ?PR?MAIN?MAIN
            CODE    08A4H     0016H     UNIT         ?PR?OVERFLOW_CHECK?TIMER
            CODE    08BAH     000CH     UNIT         ?PR?CONFIG_25MSEC?TIMER
            CODE    08C6H     0005H     UNIT         ?C_INITSEG



OVERLAY MAP OF MODULE:   ..\bin\timer_basic (?C_STARTUP)


SEGMENT
  +--> CALLED SEGMENT
---------------------
?C_C51STARTUP
  +--> ?PR?MAIN?MAIN
  +--> ?C_INITSEG

?PR?MAIN?MAIN
  +--> ?PR?CONFIG_25MSEC?TIMER
  +--> ?PR?OVERFLOW_CHECK?TIMER



SYMBOL TABLE OF MODULE:  ..\bin\timer_basic (?C_STARTUP)

  VALUE           TYPE          NAME
  ----------------------------------

BL51 BANKED LINKER/LOCATER V6.22.4.0                                                  11/20/2024  20:00:06  PAGE 2


  -------         MODULE        ?C_STARTUP
  C:0800H         SEGMENT       ?C_C51STARTUP
  I:000AH         SEGMENT       ?STACK
  C:0000H         PUBLIC        ?C_STARTUP
  D:00E0H         SYMBOL        ACC
  D:00F0H         SYMBOL        B
  D:0083H         SYMBOL        DPH
  D:0082H         SYMBOL        DPL
  N:0000H         SYMBOL        IBPSTACK
  N:0100H         SYMBOL        IBPSTACKTOP
  N:0080H         SYMBOL        IDATALEN
  C:0803H         SYMBOL        IDATALOOP
  N:0000H         SYMBOL        PBPSTACK
  N:0100H         SYMBOL        PBPSTACKTOP
  N:0000H         SYMBOL        PDATALEN
  N:0000H         SYMBOL        PDATASTART
  N:0000H         SYMBOL        PPAGE
  N:0000H         SYMBOL        PPAGEENABLE
  D:00A0H         SYMBOL        PPAGE_SFR
  D:0081H         SYMBOL        SP
  C:0800H         SYMBOL        STARTUP1
  N:0000H         SYMBOL        XBPSTACK
  N:0000H         SYMBOL        XBPSTACKTOP
  N:0000H         SYMBOL        XDATALEN
  N:0000H         SYMBOL        XDATASTART
  C:0000H         LINE#         126
  C:0800H         LINE#         133
  C:0802H         LINE#         134
  C:0803H         LINE#         135
  C:0804H         LINE#         136
  C:0806H         LINE#         185
  C:0809H         LINE#         196
  -------         ENDMOD        ?C_STARTUP

  -------         MODULE        MAIN
  C:0000H         SYMBOL        _ICE_DUMMY_
  D:0090H         PUBLIC        P1
  C:088CH         PUBLIC        main
  -------         PROC          MAIN
  C:088CH         LINE#         4
  C:088CH         LINE#         5
  C:088CH         LINE#         6
  C:088FH         LINE#         7
  C:088FH         LINE#         8
  C:088FH         LINE#         9
  C:0892H         LINE#         10
  C:089AH         LINE#         11
  C:089AH         LINE#         12
  C:089EH         LINE#         13
  C:08A1H         LINE#         14
  C:08A1H         LINE#         15
  -------         ENDPROC       MAIN
  -------         ENDMOD        MAIN

  -------         MODULE        TIMER
  C:0000H         SYMBOL        _ICE_DUMMY_
  D:0008H         PUBLIC        counter
BL51 BANKED LINKER/LOCATER V6.22.4.0                                                  11/20/2024  20:00:06  PAGE 3


  D:0089H         PUBLIC        TMOD
  B:0088H.5       PUBLIC        TF0
  D:008CH         PUBLIC        TH0
  D:008AH         PUBLIC        TL0
  B:0088H.4       PUBLIC        TR0
  C:08A4H         PUBLIC        overflow_check
  C:08BAH         PUBLIC        config_25msec
  -------         PROC          CONFIG_25MSEC
  C:08BAH         LINE#         6
  C:08BAH         LINE#         7
  C:08BAH         LINE#         8
  C:08BDH         LINE#         9
  C:08C0H         LINE#         10
  C:08C3H         LINE#         11
  C:08C5H         LINE#         12
  -------         ENDPROC       CONFIG_25MSEC
  -------         PROC          OVERFLOW_CHECK
  C:08A4H         LINE#         14
  C:08A4H         LINE#         15
  C:08A4H         LINE#         16
  C:08A7H         LINE#         17
  C:08A7H         LINE#         18
  C:08A9H         LINE#         19
  C:08ACH         LINE#         20
  C:08AFH         LINE#         21
  C:08B7H         LINE#         22
  C:08B9H         LINE#         23
  -------         ENDPROC       OVERFLOW_CHECK
  -------         ENDMOD        TIMER

******************************************************************************
* RESTRICTED VERSION WITH 0800H BYTE CODE SIZE LIMIT; USED: 004DH BYTE ( 3%) *
******************************************************************************

Program Size: data=11.0 xdata=0 code=206
LINK/LOCATE RUN COMPLETE.  0 WARNING(S),  0 ERROR(S)
