<html>
<body>
<pre>
<h1>µVision Build Log</h1>
<h2>Project:</h2>
F:\skyy_skill_embedded\project\arm\arm_i2c\wsp\arm_i2c.uvproj
Project File Date:  04/11/2025

<h2>Output:</h2>
Rebuild target 'Target 1'
assembling Startup.s...
compiling main.c...
compiling pll0.c...
compiling lcd.c...
compiling delay.c...
compiling i2c.c...
linking...
Program Size: Code=2632 RO-data=16 RW-data=0 ZI-data=1256  
FromELF: creating hex file...
"..\bin\arm_i2c.axf" - 0 Error(s), 0 Warning(s).
Build target 'Target 1'
linking...
Program Size: Code=2632 RO-data=16 RW-data=0 ZI-data=1256  
FromELF: creating hex file...
"..\bin\arm_i2c.axf" - 0 Error(s), 0 Warning(s).
