<html>
<body>
<pre>
<h1>µVision Build Log</h1>
<h2>Project:</h2>
E:\Development\Embedded\repositories\Embedded_projects\skyy_skill_embedded\RTOS\tsak_creation\task_creation.uvproj
Project File Date:  06/25/2025

<h2>Output:</h2>
compiling main.c...
main.c - 0 Error(s), 0 Warning(s).
Rebuild target 'Target 1'
assembling Startup.s...
compiling list.c...
compiling queue.c...
compiling tasks.c...
compiling heap_2.c...
compiling port.c...
assembling portASM.s...
compiling pll0.c...
compiling uart0.c...
compiling main.c...
linking...
Program Size: Code=14348 RO-data=32 RW-data=92 ZI-data=18228  
"task_creation.axf" - 0 Error(s), 0 Warning(s).
"LPC210x_ISP.EXE" "E:\Development\Embedded\repositories\Embedded_projects\skyy_skill_embedded\RTOS\tsak_creation\task_creation.HEX" 12000 LPC2148 COM1: 38400 1
--- Error: failed to execute '"LPC210x_ISP.EXE" "E:\Development\Embedded\repositories\Embedded_projects\skyy_skill_embedded\RTOS\tsak_creation\task_creation.HEX" 12000 LPC2148 COM1: 38400 1'
