C51 COMPILER V9.60.7.0   HOME                                                              11/19/2024 22:26:32 PAGE 1   


C51 COMPILER V9.60.7.0, COMPILATION OF MODULE HOME
OBJECT MODULE PLACED IN ..\bin\home.obj
COMPILER INVOKED BY: C:\Users\user\embedded_development\C51\BIN\C51.EXE ..\src\home.c OPTIMIZE(8,SPEED) BROWSE INCDIR(..
                    -\include) DEBUG OBJECTEXTEND PRINT(.\Listings\home.lst) TABS(2) OBJECT(..\bin\home.obj)

line level    source

   1          #include<reg51.h>
   2          #include<home.h>
   3          #include<lcd.h>
   4          #include<global.h>
   5          #include<stepper.h>
   6          #include<delay.h>
   7          
   8          
   9          void openDoor()
  10            {
  11   1             Set_LCD_Command(0x01);  // Clear LCD screen
  12   1             stepper_forward();
  13   1             Set_LCD_Command(0x80); //Force cursor to the beginning ( 1st line)
  14   1             Set_LCD_String("DOOR");
  15   1             Set_LCD_Command(0xC0); //  Force cursor to the beginning ( 2nd line)
  16   1             Set_LCD_String("OPEN");
  17   1        }
  18            
  19          void closeDoor()
  20            {    
  21   1             Set_LCD_Command(0x01);  // Clear LCD screen
  22   1             stepper_backward();
  23   1             Set_LCD_Command(0x80); //Force cursor to the beginning ( 1st line)
  24   1             Set_LCD_String("DOOR");
  25   1             Set_LCD_Command(0xC0); //  Force cursor to the beginning ( 2nd line)
  26   1             Set_LCD_String("CLOSE");
  27   1        }
  28            
  29            void fanon()
  30            {
  31   1             Set_LCD_Command(0x01);  // Clear LCD screen
  32   1             stepper_forward();
  33   1             Set_LCD_Command(0x80); //Force cursor to the beginning ( 1st line)
  34   1             Set_LCD_String("FAN");
  35   1             Set_LCD_Command(0xC0); //  Force cursor to the beginning ( 2nd line)
  36   1             Set_LCD_String("ON");
  37   1        }
  38            
  39          void fanoff()
  40            {
  41   1             Set_LCD_Command(0x01);  // Clear LCD screen
  42   1             stepper_backward();
  43   1             Set_LCD_Command(0x80); //Force cursor to the beginning ( 1st line)
  44   1             Set_LCD_String("FAN");
  45   1             Set_LCD_Command(0xC0); //  Force cursor to the beginning ( 2nd line)
  46   1             Set_LCD_String("OFF");
  47   1        }
  48            
  49          void lighton()
  50            {
  51   1             Set_LCD_Command(0x01);  // Clear LCD screen
  52   1             Set_Bit(P3,0);
  53   1             Set_LCD_Command(0x80); //Force cursor to the beginning ( 1st line)
  54   1             Set_LCD_String("LIGHT");
C51 COMPILER V9.60.7.0   HOME                                                              11/19/2024 22:26:32 PAGE 2   

  55   1             Set_LCD_Command(0xC0); //  Force cursor to the beginning ( 2nd line)
  56   1             Set_LCD_String("ON");
  57   1        }
  58            
  59          void lightoff()
  60            {
  61   1             Set_LCD_Command(0x01);  // Clear LCD screen
  62   1             Clr_Bit(P3,0);
  63   1             Set_LCD_Command(0x80); //Force cursor to the beginning ( 1st line)
  64   1             Set_LCD_String("LIGHT");
  65   1             Set_LCD_Command(0xC0); //  Force cursor to the beginning ( 2nd line)
  66   1             Set_LCD_String("OFF");
  67   1        }


MODULE INFORMATION:   STATIC OVERLAYABLE
   CODE SIZE        =    216    ----
   CONSTANT SIZE    =     33    ----
   XDATA SIZE       =   ----    ----
   PDATA SIZE       =   ----    ----
   DATA SIZE        =   ----    ----
   IDATA SIZE       =   ----    ----
   BIT SIZE         =   ----    ----
END OF MODULE INFORMATION.


C51 COMPILATION COMPLETE.  0 WARNING(S),  0 ERROR(S)
