<html>
<body>
<pre>
<h1>µVision Build Log</h1>
<h2>Project:</h2>
E:\Development\Embedded\repositories\Embedded_projects\skyy_skill_embedded\RTOS\multitasking\moltitaking.uvproj
Project File Date:  02/14/2026

<h2>Output:</h2>
compiling main.c...
src\main.c(4): error:  #5: cannot open source input file "FreeRTOS.h": No such file or directory
src\main.c - 1 Error(s), 0 Warning(s).
Build target 'Target 1'
assembling Startup.s...
compiling main.c...
compiling mutex.c...
compiling pll0.c...
compiling uart0.c...
linking...
moltitaking.axf: Error: L6200E: Symbol __ARM_use_no_argv multiply defined (by mutex.o and main.o).
moltitaking.axf: Error: L6200E: Symbol Config_pins multiply defined (by mutex.o and main.o).
moltitaking.axf: Error: L6200E: Symbol task2 multiply defined (by mutex.o and main.o).
moltitaking.axf: Error: L6200E: Symbol task1 multiply defined (by mutex.o and main.o).
moltitaking.axf: Error: L6200E: Symbol main multiply defined (by mutex.o and main.o).
moltitaking.axf: Error: L6200E: Symbol task3 multiply defined (by mutex.o and main.o).
Target not created
compiling main.c...
src\main.c - 0 Error(s), 0 Warning(s).
Build target 'Target 1'
compiling mutex.c...
compiling pll0.c...
compiling uart0.c...
linking...
moltitaking.axf: Error: L6200E: Symbol __ARM_use_no_argv multiply defined (by mutex.o and main.o).
moltitaking.axf: Error: L6200E: Symbol Config_pins multiply defined (by mutex.o and main.o).
moltitaking.axf: Error: L6200E: Symbol task2 multiply defined (by mutex.o and main.o).
moltitaking.axf: Error: L6200E: Symbol task1 multiply defined (by mutex.o and main.o).
moltitaking.axf: Error: L6200E: Symbol main multiply defined (by mutex.o and main.o).
moltitaking.axf: Error: L6200E: Symbol task3 multiply defined (by mutex.o and main.o).
Target not created
Rebuild target 'Target 1'
assembling Startup.s...
compiling main.c...
compiling mutex.c...
compiling pll0.c...
compiling uart0.c...
linking...
moltitaking.axf: Error: L6200E: Symbol __ARM_use_no_argv multiply defined (by mutex.o and main.o).
moltitaking.axf: Error: L6200E: Symbol Config_pins multiply defined (by mutex.o and main.o).
moltitaking.axf: Error: L6200E: Symbol task2 multiply defined (by mutex.o and main.o).
moltitaking.axf: Error: L6200E: Symbol task1 multiply defined (by mutex.o and main.o).
moltitaking.axf: Error: L6200E: Symbol main multiply defined (by mutex.o and main.o).
moltitaking.axf: Error: L6200E: Symbol task3 multiply defined (by mutex.o and main.o).
Target not created
Build target 'Target 1'
linking...
moltitaking.axf: Error: L6200E: Symbol __ARM_use_no_argv multiply defined (by mutex.o and main.o).
moltitaking.axf: Error: L6200E: Symbol Config_pins multiply defined (by mutex.o and main.o).
moltitaking.axf: Error: L6200E: Symbol task2 multiply defined (by mutex.o and main.o).
moltitaking.axf: Error: L6200E: Symbol task1 multiply defined (by mutex.o and main.o).
moltitaking.axf: Error: L6200E: Symbol main multiply defined (by mutex.o and main.o).
moltitaking.axf: Error: L6200E: Symbol task3 multiply defined (by mutex.o and main.o).
Target not created
compiling main.c...
src\main.c - 0 Error(s), 0 Warning(s).
Build target 'Target 1'
linking...
moltitaking.axf: Error: L6218E: Undefined symbol vTaskDelay (referred from main.o).
moltitaking.axf: Error: L6218E: Undefined symbol vTaskStartScheduler (referred from main.o).
moltitaking.axf: Error: L6218E: Undefined symbol xQueueGenericCreate (referred from main.o).
moltitaking.axf: Error: L6218E: Undefined symbol xQueueGenericReceive (referred from main.o).
moltitaking.axf: Error: L6218E: Undefined symbol xQueueGenericSend (referred from main.o).
moltitaking.axf: Error: L6218E: Undefined symbol xTaskCreate (referred from main.o).
Target not created
compiling main.c...
src\main.c - 0 Error(s), 0 Warning(s).
Build target 'Target 1'
compiling port.c...
compiling croutine.c...
compiling event_groups.c...
compiling list.c...
compiling queue.c...
compiling tasks.c...
compiling timers.c...
linking...
moltitaking.axf: Error: L6218E: Undefined symbol vPortStartFirstTask (referred from port.o).
moltitaking.axf: Error: L6218E: Undefined symbol vPreemptiveTick (referred from port.o).
moltitaking.axf: Error: L6218E: Undefined symbol pvPortMalloc (referred from event_groups.o).
moltitaking.axf: Error: L6218E: Undefined symbol vPortFree (referred from event_groups.o).
moltitaking.axf: Error: L6218E: Undefined symbol vPortYield (referred from event_groups.o).
Target not created
compiling main.c...
src\main.c - 0 Error(s), 0 Warning(s).
Build target 'Target 1'
linking...
moltitaking.axf: Error: L6218E: Undefined symbol vPortStartFirstTask (referred from port.o).
moltitaking.axf: Error: L6218E: Undefined symbol vPreemptiveTick (referred from port.o).
moltitaking.axf: Error: L6218E: Undefined symbol pvPortMalloc (referred from event_groups.o).
moltitaking.axf: Error: L6218E: Undefined symbol vPortFree (referred from event_groups.o).
moltitaking.axf: Error: L6218E: Undefined symbol vPortYield (referred from event_groups.o).
Target not created
Build target 'Target 1'
compiling heap_2.c...
linking...
moltitaking.axf: Error: L6218E: Undefined symbol vPortStartFirstTask (referred from port.o).
moltitaking.axf: Error: L6218E: Undefined symbol vPreemptiveTick (referred from port.o).
moltitaking.axf: Error: L6218E: Undefined symbol vPortYield (referred from event_groups.o).
Target not created
Build target 'Target 1'
assembling portASM.s...
linking...
Program Size: Code=14360 RO-data=32 RW-data=92 ZI-data=17820  
FromELF: creating hex file...
"moltitaking.axf" - 0 Error(s), 0 Warning(s).
compiling port.c...
..\FreeRTOS_V9.0.0rc2\FreeRTOS\Source\portable\RVDS\ARM7_LPC21xx\port.c - 0 Error(s), 0 Warning(s).
Build target 'Target 1'
assembling portASM.s...
linking...
Program Size: Code=14360 RO-data=32 RW-data=92 ZI-data=17820  
FromELF: creating hex file...
"moltitaking.axf" - 0 Error(s), 0 Warning(s).
Rebuild target 'Target 1'
assembling Startup.s...
compiling main.c...
compiling pll0.c...
compiling uart0.c...
compiling port.c...
compiling croutine.c...
compiling event_groups.c...
compiling list.c...
compiling queue.c...
compiling tasks.c...
compiling timers.c...
compiling heap_2.c...
assembling portASM.s...
linking...
Program Size: Code=14360 RO-data=32 RW-data=92 ZI-data=17820  
FromELF: creating hex file...
"moltitaking.axf" - 0 Error(s), 0 Warning(s).
Build target 'Target 1'
linking...
Program Size: Code=14360 RO-data=32 RW-data=92 ZI-data=17820  
FromELF: creating hex file...
"moltitaking.axf" - 0 Error(s), 0 Warning(s).
Rebuild target 'Target 1'
assembling Startup.s...
compiling main.c...
compiling pll0.c...
compiling uart0.c...
compiling port.c...
compiling croutine.c...
compiling event_groups.c...
compiling list.c...
compiling queue.c...
compiling tasks.c...
compiling timers.c...
compiling heap_2.c...
assembling portASM.s...
linking...
Program Size: Code=14360 RO-data=32 RW-data=92 ZI-data=17820  
FromELF: creating hex file...
"moltitaking.axf" - 0 Error(s), 0 Warning(s).
compiling main.c...
src\main.c - 0 Error(s), 0 Warning(s).
Build target 'Target 1'
linking...
Program Size: Code=14360 RO-data=32 RW-data=92 ZI-data=17820  
FromELF: creating hex file...
"moltitaking.axf" - 0 Error(s), 0 Warning(s).
compiling main.c...
src\main.c(64): warning:  #223-D: function "Set_UART0_string" declared implicitly
src\main.c(77): warning:  #223-D: function "Set_UART0_string" declared implicitly
src\main.c(95): warning:  #223-D: function "Set_UART0_string" declared implicitly
src\main.c - 0 Error(s), 3 Warning(s).
compiling main.c...
src\main.c - 0 Error(s), 0 Warning(s).
compiling main.c...
src\main.c - 0 Error(s), 0 Warning(s).
Build target 'Target 1'
compiling uart0.c...
include\uart0.c(80): warning:  #223-D: function "Set_UART0_Data" declared implicitly
linking...
moltitaking.axf: Error: L6218E: Undefined symbol Set_UART0_Data (referred from uart0.o).
Target not created
Rebuild target 'Target 1'
assembling Startup.s...
compiling main.c...
compiling pll0.c...
compiling uart0.c...
include\uart0.c(80): warning:  #223-D: function "Set_UART0_Data" declared implicitly
compiling port.c...
compiling croutine.c...
compiling event_groups.c...
compiling list.c...
compiling queue.c...
compiling tasks.c...
compiling timers.c...
compiling heap_2.c...
assembling portASM.s...
linking...
moltitaking.axf: Error: L6218E: Undefined symbol Set_UART0_Data (referred from uart0.o).
Target not created
Build target 'Target 1'
compiling main.c...
compiling uart0.c...
linking...
moltitaking.axf: Error: L6218E: Undefined symbol Set_UART0_Data (referred from uart0.o).
Target not created
compiling main.c...
src\main.c(64): warning:  #223-D: function "Set_UART_String" declared implicitly
src\main.c - 0 Error(s), 1 Warning(s).
compiling main.c...
src\main.c - 0 Error(s), 0 Warning(s).
Build target 'Target 1'
compiling uart0.c...
.\include\lpc2148.h(65): error:  #20: identifier "u32_t" is undefined
.\include\lpc2148.h(66): error:  #20: identifier "u32_t" is undefined
.\include\lpc2148.h(67): error:  #20: identifier "u32_t" is undefined
.\include\lpc2148.h(68): error:  #20: identifier "u32_t" is undefined
.\include\lpc2148.h(69): error:  #20: identifier "u32_t" is undefined
.\include\lpc2148.h(70): error:  #20: identifier "u32_t" is undefined
.\include\lpc2148.h(71): error:  #20: identifier "u32_t" is undefined
.\include\lpc2148.h(72): error:  #20: identifier "u32_t" is undefined
.\include\lpc2148.h(73): error:  #20: identifier "u32_t" is undefined
.\include\lpc2148.h(74): error:  #20: identifier "u32_t" is undefined
.\include\lpc2148.h(75): error:  #20: identifier "u32_t" is undefined
.\include\lpc2148.h(76): error:  #20: identifier "u32_t" is undefined
.\include\lpc2148.h(77): error:  #20: identifier "u32_t" is undefined
.\include\lpc2148.h(78): error:  #20: identifier "u32_t" is undefined
.\include\lpc2148.h(79): error:  #20: identifier "u32_t" is undefined
.\include\lpc2148.h(80): error:  #20: identifier "u32_t" is undefined
.\include\lpc2148.h(86): error:  #20: identifier "u32_t" is undefined
.\include\lpc2148.h(87): error:  #20: identifier "u32_t" is undefined
.\include\lpc2148.h(88): error:  #20: identifier "u32_t" is undefined
.\include\lpc2148.h(89): error:  #20: identifier "u32_t" is undefined
.\include\lpc2148.h(90): error:  #20: identifier "u32_t" is undefined
.\include\lpc2148.h(91): error:  #20: identifier "u32_t" is undefined
.\include\lpc2148.h(92): error:  #20: identifier "u32_t" is undefined
.\include\lpc2148.h(93): error:  #20: identifier "u32_t" is undefined
.\include\lpc2148.h(94): error:  #20: identifier "u32_t" is undefined
.\include\lpc2148.h(95): error:  #20: identifier "u32_t" is undefined
.\include\lpc2148.h(96): error:  #20: identifier "u32_t" is undefined
.\include\lpc2148.h(97): error:  #20: identifier "u32_t" is undefined
.\include\lpc2148.h(98): error:  #20: identifier "u32_t" is undefined
.\include\lpc2148.h(99): error:  #20: identifier "u32_t" is undefined
Target not created
Build target 'Target 1'
compiling uart0.c...
linking...
Program Size: Code=14360 RO-data=32 RW-data=92 ZI-data=17820  
FromELF: creating hex file...
"moltitaking.axf" - 0 Error(s), 0 Warning(s).
Build target 'Target 1'
linking...
Program Size: Code=14360 RO-data=32 RW-data=92 ZI-data=17820  
FromELF: creating hex file...
"moltitaking.axf" - 0 Error(s), 0 Warning(s).
Rebuild target 'Target 1'
assembling Startup.s...
compiling main.c...
compiling pll0.c...
compiling uart0.c...
compiling port.c...
compiling croutine.c...
compiling event_groups.c...
compiling list.c...
compiling queue.c...
compiling tasks.c...
compiling timers.c...
compiling heap_2.c...
assembling portASM.s...
linking...
Program Size: Code=14360 RO-data=32 RW-data=92 ZI-data=17820  
FromELF: creating hex file...
"moltitaking.axf" - 0 Error(s), 0 Warning(s).
compiling main.c...
src\main.c - 0 Error(s), 0 Warning(s).
Rebuild target 'Target 1'
assembling Startup.s...
compiling main.c...
compiling pll0.c...
compiling uart0.c...
compiling port.c...
compiling croutine.c...
compiling event_groups.c...
compiling list.c...
compiling queue.c...
compiling tasks.c...
compiling timers.c...
compiling heap_2.c...
assembling portASM.s...
linking...
Program Size: Code=14360 RO-data=32 RW-data=92 ZI-data=17820  
FromELF: creating hex file...
"moltitaking.axf" - 0 Error(s), 0 Warning(s).
assembling Startup.s...
Startup.s - 0 Error(s), 0 Warning(s).
"LPC210x_ISP.EXE" "E:\Development\Embedded\repositories\Embedded_projects\skyy_skill_embedded\RTOS\multitasking\moltitaking.HEX" 12000 LPC2148 COM1: 38400 1
--- Error: failed to execute '"LPC210x_ISP.EXE" "E:\Development\Embedded\repositories\Embedded_projects\skyy_skill_embedded\RTOS\multitasking\moltitaking.HEX" 12000 LPC2148 COM1: 38400 1'
