BL51 BANKED LINKER/LOCATER V6.22.4.0                                                    03/20/2025  09:49:23  PAGE 1


BL51 BANKED LINKER/LOCATER V6.22.4.0, INVOKED BY:
C:\USERS\USER\EMBEDDED_DEVELOPMENT\C51\BIN\BL51.EXE ..\bin\STARTUP.obj, ..\bin\main.obj, ..\bin\delay.obj, ..\bin\lcd.ob
>> j, ..\bin\timer.obj TO ..\bin\clock_lcd PRINT (.\Listings\clock_lcd.m51) CODE (0X0000-0X0FFF)


MEMORY MODEL: SMALL


INPUT MODULES INCLUDED:
  ..\bin\STARTUP.obj (?C_STARTUP)
  ..\bin\main.obj (MAIN)
  ..\bin\delay.obj (DELAY)
  ..\bin\lcd.obj (LCD)
  ..\bin\timer.obj (TIMER)
  C:\USERS\USER\EMBEDDED_DEVELOPMENT\C51\LIB\C51S.LIB (?C_INIT)
  C:\USERS\USER\EMBEDDED_DEVELOPMENT\C51\LIB\C51S.LIB (?C?CLDPTR)
  C:\USERS\USER\EMBEDDED_DEVELOPMENT\C51\LIB\C51S.LIB (?C?CLDOPTR)
  C:\USERS\USER\EMBEDDED_DEVELOPMENT\C51\LIB\C51S.LIB (?C?CSTOPTR)
  C:\USERS\USER\EMBEDDED_DEVELOPMENT\C51\LIB\C51S.LIB (?C?SIDIV)
  C:\USERS\USER\EMBEDDED_DEVELOPMENT\C51\LIB\C51S.LIB (STRCAT)
  C:\USERS\USER\EMBEDDED_DEVELOPMENT\C51\LIB\C51S.LIB (?C?STRCPY)
  C:\USERS\USER\EMBEDDED_DEVELOPMENT\C51\LIB\C51S.LIB (?C?CSTPTR)
  C:\USERS\USER\EMBEDDED_DEVELOPMENT\C51\LIB\C51S.LIB (?C?UIDIV)


LINK MAP OF MODULE:  ..\bin\clock_lcd (?C_STARTUP)


            TYPE    BASE      LENGTH    RELOCATION   SEGMENT NAME
            -----------------------------------------------------

            * * * * * * *   D A T A   M E M O R Y   * * * * * * *
            REG     0000H     0008H     ABSOLUTE     "REG BANK 0"
            DATA    0008H     000CH     UNIT         ?DT?_INTTOSTR?MAIN
            DATA    0014H     000CH     UNIT         ?DT?_FORMATTIME?MAIN
            DATA    0020H     0009H     UNIT         ?DT?_STRCAT?STRCAT
            DATA    0029H     0008H     UNIT         ?DT?MAIN?MAIN
            DATA    0031H     0003H     UNIT         ?DT?_PRINTNAME?MAIN
            DATA    0034H     0003H     UNIT         ?DT?_SET_LCD_STRING?LCD
            DATA    0037H     0002H     UNIT         ?DT?_DELAY?DELAY
            DATA    0039H     0002H     UNIT         ?DT?TIMER
            DATA    003BH     0001H     UNIT         ?DT?_WRITE_LCD_PORT?LCD
            DATA    003CH     0001H     UNIT         ?DT?_SET_LCD_COMMAND?LCD
            DATA    003DH     0001H     UNIT         ?DT?_SET_LCD_CHAR?LCD
            IDATA   003EH     0001H     UNIT         ?STACK

            * * * * * * *   C O D E   M E M O R Y   * * * * * * *
            CODE    0000H     0003H     ABSOLUTE     
                    0003H     07FDH                  *** GAP ***
            CODE    0800H     01EEH     UNIT         ?C?LIB_CODE
            CODE    09EEH     0173H     UNIT         ?PR?_FORMATTIME?MAIN
            CODE    0B61H     00F4H     UNIT         ?PR?_INTTOSTR?MAIN
            CODE    0C55H     008CH     UNIT         ?C_C51STARTUP
            CODE    0CE1H     0058H     UNIT         ?PR?_STRCAT?STRCAT
            CODE    0D39H     0055H     UNIT         ?PR?MAIN?MAIN
            CODE    0D8EH     0027H     UNIT         ?PR?_SET_LCD_STRING?LCD
            CODE    0DB5H     0023H     UNIT         ?PR?_PRINTNAME?MAIN
            CODE    0DD8H     0016H     UNIT         ?PR?OVERFLOW_CHECK?TIMER
BL51 BANKED LINKER/LOCATER V6.22.4.0                                                  03/20/2025  09:49:23  PAGE 2


            CODE    0DEEH     0013H     UNIT         ?PR?_DELAY?DELAY
            CODE    0E01H     0010H     UNIT         ?PR?INIT_LCD?LCD
            CODE    0E11H     000EH     UNIT         ?PR?SET_LCD_CLOCK?LCD
            CODE    0E1FH     000CH     UNIT         ?PR?_SET_LCD_COMMAND?LCD
            CODE    0E2BH     000CH     UNIT         ?PR?_SET_LCD_CHAR?LCD
            CODE    0E37H     000CH     UNIT         ?PR?CONFIG_25MSEC?TIMER
            CODE    0E43H     0009H     UNIT         ?CO?MAIN
            CODE    0E4CH     0006H     UNIT         ?PR?_WRITE_LCD_PORT?LCD
            CODE    0E52H     0005H     UNIT         ?C_INITSEG



OVERLAY MAP OF MODULE:   ..\bin\clock_lcd (?C_STARTUP)


SEGMENT
  +--> CALLED SEGMENT
---------------------
?C_C51STARTUP
  +--> ?PR?MAIN?MAIN
  +--> ?C_INITSEG

?PR?MAIN?MAIN
  +--> ?PR?INIT_LCD?LCD
  +--> ?PR?CONFIG_25MSEC?TIMER
  +--> ?PR?_PRINTNAME?MAIN
  +--> ?PR?OVERFLOW_CHECK?TIMER
  +--> ?PR?_INTTOSTR?MAIN

?PR?INIT_LCD?LCD
  +--> ?PR?_SET_LCD_COMMAND?LCD

?PR?_SET_LCD_COMMAND?LCD
  +--> ?PR?_WRITE_LCD_PORT?LCD
  +--> ?PR?SET_LCD_CLOCK?LCD

?PR?SET_LCD_CLOCK?LCD
  +--> ?PR?_DELAY?DELAY

?PR?_PRINTNAME?MAIN
  +--> ?PR?_SET_LCD_COMMAND?LCD
  +--> ?PR?_SET_LCD_STRING?LCD
  +--> ?CO?MAIN

?PR?_SET_LCD_STRING?LCD
  +--> ?PR?_SET_LCD_CHAR?LCD

?PR?_SET_LCD_CHAR?LCD
  +--> ?PR?_WRITE_LCD_PORT?LCD
  +--> ?PR?SET_LCD_CLOCK?LCD



SYMBOL TABLE OF MODULE:  ..\bin\clock_lcd (?C_STARTUP)

  VALUE           TYPE          NAME
  ----------------------------------
BL51 BANKED LINKER/LOCATER V6.22.4.0                                                  03/20/2025  09:49:23  PAGE 3



  -------         MODULE        ?C_STARTUP
  C:0C55H         SEGMENT       ?C_C51STARTUP
  I:003EH         SEGMENT       ?STACK
  C:0000H         PUBLIC        ?C_STARTUP
  D:00E0H         SYMBOL        ACC
  D:00F0H         SYMBOL        B
  D:0083H         SYMBOL        DPH
  D:0082H         SYMBOL        DPL
  N:0000H         SYMBOL        IBPSTACK
  N:0100H         SYMBOL        IBPSTACKTOP
  N:0080H         SYMBOL        IDATALEN
  C:0C58H         SYMBOL        IDATALOOP
  N:0000H         SYMBOL        PBPSTACK
  N:0100H         SYMBOL        PBPSTACKTOP
  N:0000H         SYMBOL        PDATALEN
  N:0000H         SYMBOL        PDATASTART
  N:0000H         SYMBOL        PPAGE
  N:0000H         SYMBOL        PPAGEENABLE
  D:00A0H         SYMBOL        PPAGE_SFR
  D:0081H         SYMBOL        SP
  C:0C55H         SYMBOL        STARTUP1
  N:0000H         SYMBOL        XBPSTACK
  N:0000H         SYMBOL        XBPSTACKTOP
  N:0000H         SYMBOL        XDATALEN
  N:0000H         SYMBOL        XDATASTART
  C:0000H         LINE#         126
  C:0C55H         LINE#         133
  C:0C57H         LINE#         134
  C:0C58H         LINE#         135
  C:0C59H         LINE#         136
  C:0C5BH         LINE#         185
  C:0C5EH         LINE#         196
  -------         ENDMOD        ?C_STARTUP

  -------         MODULE        MAIN
  C:0000H         SYMBOL        _ICE_DUMMY_
  D:0090H         PUBLIC        P1
  C:09EEH         PUBLIC        _formatTime
  C:0D39H         PUBLIC        main
  C:0DB5H         PUBLIC        _printName
  C:0B61H         PUBLIC        _intToStr
  -------         PROC          _PRINTNAME
  D:0031H         SYMBOL        str
  C:0DB5H         LINE#         7
  C:0DBBH         LINE#         8
  C:0DBBH         LINE#         9
  C:0DC0H         LINE#         10
  C:0DC9H         LINE#         12
  C:0DCEH         LINE#         13
  C:0DD7H         LINE#         15
  -------         ENDPROC       _PRINTNAME
  -------         PROC          _INTTOSTR
  D:0008H         SYMBOL        num
  D:000AH         SYMBOL        str
  -------         DO            
  D:000DH         SYMBOL        i
BL51 BANKED LINKER/LOCATER V6.22.4.0                                                  03/20/2025  09:49:23  PAGE 4


  D:000FH         SYMBOL        j
  D:0011H         SYMBOL        rem
  D:0013H         SYMBOL        temp
  -------         ENDDO         
  C:0B61H         LINE#         19
  C:0B6BH         LINE#         20
  C:0B71H         LINE#         24
  C:0B71H         LINE#         25
  C:0B80H         LINE#         26
  C:0BA0H         LINE#         27
  C:0BAFH         LINE#         28
  C:0BBCH         LINE#         30
  C:0BCEH         LINE#         33
  C:0BEEH         LINE#         34
  C:0C02H         LINE#         35
  C:0C28H         LINE#         36
  C:0C4AH         LINE#         37
  C:0C54H         LINE#         38
  -------         ENDPROC       _INTTOSTR
  -------         PROC          _FORMATTIME
  D:0014H         SYMBOL        hours
  D:0016H         SYMBOL        minutes
  D:0018H         SYMBOL        seconds
  D:001AH         SYMBOL        timeStr
  -------         DO            
  D:001DH         SYMBOL        temp
  -------         ENDDO         
  C:09EEH         LINE#         40
  C:09FAH         LINE#         44
  C:0A07H         LINE#         45
  C:0A0AH         LINE#         46
  C:0A0FH         LINE#         47
  C:0A12H         LINE#         48
  C:0A14H         LINE#         49
  C:0A24H         LINE#         50
  C:0A36H         LINE#         51
  C:0A39H         LINE#         52
  C:0A39H         LINE#         53
  C:0A5AH         LINE#         54
  C:0A7BH         LINE#         57
  C:0A88H         LINE#         58
  C:0A8BH         LINE#         59
  C:0A92H         LINE#         60
  C:0A95H         LINE#         61
  C:0A97H         LINE#         62
  C:0AA7H         LINE#         63
  C:0AB9H         LINE#         64
  C:0ABCH         LINE#         65
  C:0ABCH         LINE#         66
  C:0ADDH         LINE#         67
  C:0AFEH         LINE#         70
  C:0B0BH         LINE#         71
  C:0B0EH         LINE#         72
  C:0B15H         LINE#         73
  C:0B18H         LINE#         74
  C:0B1AH         LINE#         75
  C:0B2AH         LINE#         76
BL51 BANKED LINKER/LOCATER V6.22.4.0                                                  03/20/2025  09:49:23  PAGE 5


  C:0B3CH         LINE#         77
  C:0B3FH         LINE#         78
  C:0B3FH         LINE#         79
  C:0B60H         LINE#         80
  -------         ENDPROC       _FORMATTIME
  -------         PROC          MAIN
  -------         DO            
  D:0029H         SYMBOL        seconds
  D:002BH         SYMBOL        strSeconds
  -------         ENDDO         
  C:0D39H         LINE#         86
  C:0D39H         LINE#         87
  C:0D39H         LINE#         88
  C:0D3FH         LINE#         90
  C:0D42H         LINE#         91
  C:0D45H         LINE#         92
  C:0D4EH         LINE#         93
  C:0D4EH         LINE#         94
  C:0D4EH         LINE#         99
  C:0D51H         LINE#         100
  C:0D59H         LINE#         101
  C:0D59H         LINE#         103
  C:0D65H         LINE#         107
  C:0D6EH         LINE#         108
  C:0D76H         LINE#         109
  C:0D76H         LINE#         110
  C:0D7AH         LINE#         111
  C:0D7AH         LINE#         112
  C:0D80H         LINE#         113
  C:0D88H         LINE#         114
  C:0D8BH         LINE#         115
  C:0D8BH         LINE#         116
  -------         ENDPROC       MAIN
  -------         ENDMOD        MAIN

  -------         MODULE        DELAY
  C:0000H         SYMBOL        _ICE_DUMMY_
  C:0DEEH         PUBLIC        _delay
  -------         PROC          _DELAY
  D:0037H         SYMBOL        count
  C:0DEEH         LINE#         3
  C:0DF2H         LINE#         4
  C:0DF2H         LINE#         5
  C:0E00H         LINE#         6
  -------         ENDPROC       _DELAY
  -------         ENDMOD        DELAY

  -------         MODULE        LCD
  C:0000H         SYMBOL        _ICE_DUMMY_
  D:00A0H         PUBLIC        P2
  D:00B0H         PUBLIC        P3
  C:0E1FH         PUBLIC        _Set_LCD_Command
  C:0E11H         PUBLIC        Set_LCD_Clock
  C:0D8EH         PUBLIC        _Set_LCD_String
  C:0E2BH         PUBLIC        _Set_LCD_Char
  C:0E01H         PUBLIC        Init_LCD
  C:0E4CH         PUBLIC        _Write_LCD_Port
BL51 BANKED LINKER/LOCATER V6.22.4.0                                                  03/20/2025  09:49:23  PAGE 6


  -------         PROC          SET_LCD_CLOCK
  C:0E11H         LINE#         6
  C:0E11H         LINE#         7
  C:0E11H         LINE#         8
  C:0E14H         LINE#         9
  C:0E1BH         LINE#         10
  C:0E1EH         LINE#         11
  -------         ENDPROC       SET_LCD_CLOCK
  -------         PROC          _WRITE_LCD_PORT
  D:003BH         SYMBOL        value
  C:0E4CH         LINE#         13
  C:0E4EH         LINE#         14
  C:0E4EH         LINE#         15
  C:0E51H         LINE#         16
  -------         ENDPROC       _WRITE_LCD_PORT
  -------         PROC          _SET_LCD_COMMAND
  D:003CH         SYMBOL        command
  C:0E1FH         LINE#         18
  C:0E21H         LINE#         19
  C:0E21H         LINE#         20
  C:0E24H         LINE#         21
  C:0E27H         LINE#         22
  C:0E2AH         LINE#         23
  -------         ENDPROC       _SET_LCD_COMMAND
  -------         PROC          _SET_LCD_CHAR
  D:003DH         SYMBOL        dat
  C:0E2BH         LINE#         25
  C:0E2DH         LINE#         26
  C:0E2DH         LINE#         27
  C:0E30H         LINE#         28
  C:0E33H         LINE#         29
  C:0E36H         LINE#         30
  -------         ENDPROC       _SET_LCD_CHAR
  -------         PROC          INIT_LCD
  C:0E01H         LINE#         32
  C:0E01H         LINE#         33
  C:0E01H         LINE#         34
  C:0E06H         LINE#         35
  C:0E0BH         LINE#         36
  C:0E10H         LINE#         37
  -------         ENDPROC       INIT_LCD
  -------         PROC          _SET_LCD_STRING
  D:0034H         SYMBOL        str
  C:0D8EH         LINE#         39
  C:0D94H         LINE#         40
  C:0D94H         LINE#         41
  C:0DA0H         LINE#         42
  C:0DA0H         LINE#         43
  C:0DA7H         LINE#         44
  C:0DB2H         LINE#         45
  C:0DB4H         LINE#         46
  -------         ENDPROC       _SET_LCD_STRING
  -------         ENDMOD        LCD

  -------         MODULE        TIMER
  C:0000H         SYMBOL        _ICE_DUMMY_
  D:0039H         PUBLIC        counter
BL51 BANKED LINKER/LOCATER V6.22.4.0                                                  03/20/2025  09:49:23  PAGE 7


  D:0089H         PUBLIC        TMOD
  B:0088H.5       PUBLIC        TF0
  D:008CH         PUBLIC        TH0
  D:008AH         PUBLIC        TL0
  B:0088H.4       PUBLIC        TR0
  C:0DD8H         PUBLIC        overflow_check
  C:0E37H         PUBLIC        config_25msec
  -------         PROC          CONFIG_25MSEC
  C:0E37H         LINE#         6
  C:0E37H         LINE#         7
  C:0E37H         LINE#         8
  C:0E3AH         LINE#         9
  C:0E3DH         LINE#         10
  C:0E40H         LINE#         11
  C:0E42H         LINE#         12
  -------         ENDPROC       CONFIG_25MSEC
  -------         PROC          OVERFLOW_CHECK
  C:0DD8H         LINE#         14
  C:0DD8H         LINE#         15
  C:0DD8H         LINE#         16
  C:0DDBH         LINE#         17
  C:0DDBH         LINE#         18
  C:0DDDH         LINE#         19
  C:0DE0H         LINE#         20
  C:0DE3H         LINE#         21
  C:0DEBH         LINE#         22
  C:0DEDH         LINE#         23
  -------         ENDPROC       OVERFLOW_CHECK
  -------         ENDMOD        TIMER

  -------         MODULE        ?C?CLDPTR
  C:0800H         PUBLIC        ?C?CLDPTR
  -------         ENDMOD        ?C?CLDPTR

  -------         MODULE        ?C?CLDOPTR
  C:0819H         PUBLIC        ?C?CLDOPTR
  -------         ENDMOD        ?C?CLDOPTR

  -------         MODULE        ?C?CSTOPTR
  C:0846H         PUBLIC        ?C?CSTOPTR
  -------         ENDMOD        ?C?CSTOPTR

  -------         MODULE        ?C?SIDIV
  C:0868H         PUBLIC        ?C?SIDIV
  -------         ENDMOD        ?C?SIDIV

  -------         MODULE        STRCAT
  D:0020H         PUBLIC        ?_strcat?BYTE
  C:0CE1H         PUBLIC        _strcat
  -------         ENDMOD        STRCAT

  -------         MODULE        ?C?STRCPY
  C:096AH         PUBLIC        ?C?STRCPY
  -------         ENDMOD        ?C?STRCPY

  -------         MODULE        ?C?CSTPTR
  C:0987H         PUBLIC        ?C?CSTPTR
BL51 BANKED LINKER/LOCATER V6.22.4.0                                                  03/20/2025  09:49:23  PAGE 8


  -------         ENDMOD        ?C?CSTPTR

  -------         MODULE        ?C?UIDIV
  C:0999H         PUBLIC        ?C?UIDIV
  -------         ENDMOD        ?C?UIDIV

*** WARNING L16: UNCALLED SEGMENT, IGNORED FOR OVERLAY PROCESS
    SEGMENT: ?PR?_FORMATTIME?MAIN

******************************************************************************
* RESTRICTED VERSION WITH 0800H BYTE CODE SIZE LIMIT; USED: 0393H BYTE (44%) *
******************************************************************************

Program Size: data=63.0 xdata=0 code=1626
LINK/LOCATE RUN COMPLETE.  1 WARNING(S),  0 ERROR(S)
