C51 COMPILER V9.60.7.0   MAIN                                                              12/08/2024 21:44:24 PAGE 1   


C51 COMPILER V9.60.7.0, COMPILATION OF MODULE MAIN
OBJECT MODULE PLACED IN ..\bin\main.obj
COMPILER INVOKED BY: C:\Users\user\embedded_development\C51\BIN\C51.EXE ..\app\main.c OPTIMIZE(0,SPEED) BROWSE INCDIR(..
                    -\include) DEBUG OBJECTEXTEND PRINT(.\Listings\main.lst) TABS(2) OBJECT(..\bin\main.obj)

line level    source

   1          #include<reg51.h>
   2          #include<global.h>
   3          #include<uart.h>
   4          
   5          unsigned char rdata = 0;
   6          
   7          void main()
   8           {
   9   1         Config_UART();
  10   1         Set_UART_String("Vinit kumar :");
  11   1         Clr_Bit(P2,BIT0);
  12   1         Clr_Bit(P2,BIT1);
  13   1         Clr_Bit(P2,BIT2);
  14   1         while(1)
  15   1           {
  16   2             rdata = Get_UART_Data();  // Received dat
  17   2             //Set_UART_Data(rdata);
  18   2             if(rdata)
  19   2             {
  20   3               //Set_UART_Data(rdata);  // Receive dat ---> and again sending to terminal
  21   3               switch(rdata)
  22   3               {
  23   4                 case 'L' : Set_Bit(P2,BIT0);
  24   4                            break;
  25   4                 case 'l' : Clr_Bit(P2,BIT0);
  26   4                            break;
  27   4                 case 'B' : Set_Bit(P2,BIT1);
  28   4                            break;
  29   4                 case 'b' : Clr_Bit(P2,BIT1);
  30   4                            break;
  31   4                 case 'F' : Set_Bit(P2,BIT2);
  32   4                            break;
  33   4                 case 'f' : Clr_Bit(P2,BIT2);
  34   4                            break;
  35   4               }
  36   3               
  37   3             }
  38   2             
  39   2           }
  40   1       }


MODULE INFORMATION:   STATIC OVERLAYABLE
   CODE SIZE        =     88    ----
   CONSTANT SIZE    =     14    ----
   XDATA SIZE       =   ----    ----
   PDATA SIZE       =   ----    ----
   DATA SIZE        =      1    ----
   IDATA SIZE       =   ----    ----
   BIT SIZE         =   ----    ----
END OF MODULE INFORMATION.


C51 COMPILATION COMPLETE.  0 WARNING(S),  0 ERROR(S)
