<html>
<body>
<pre>
<h1>µVision Build Log</h1>
<h2>Project:</h2>
F:\skyy_skill_embedded\project\arm\1.GPIO_LED_blink\wsp\led_blink.uvproj
Project File Date:  02/08/2025

<h2>Output:</h2>
compiling main.c...
..\app\main.c(13): warning:  #951-D: return type of function "main" must be "int"
..\app\main.c - 0 Error(s), 1 Warning(s).
Rebuild target 'Target 1'
assembling Startup.s...
compiling main.c...
..\app\main.c(13): warning:  #951-D: return type of function "main" must be "int"
compiling delay.c...
linking...
Program Size: Code=828 RO-data=16 RW-data=0 ZI-data=1256  
FromELF: creating hex file...
"..\bin\led_blink.axf" - 0 Error(s), 1 Warning(s).
compiling main.c...
..\app\main.c(13): warning:  #951-D: return type of function "main" must be "int"
..\app\main.c - 0 Error(s), 1 Warning(s).
Rebuild target 'Target 1'
assembling Startup.s...
compiling main.c...
..\app\main.c(13): warning:  #951-D: return type of function "main" must be "int"
compiling delay.c...
linking...
Program Size: Code=828 RO-data=16 RW-data=0 ZI-data=1256  
FromELF: creating hex file...
"..\bin\led_blink.axf" - 0 Error(s), 1 Warning(s).
Rebuild target 'Target 1'
assembling Startup.s...
compiling main.c...
..\app\main.c(13): warning:  #951-D: return type of function "main" must be "int"
compiling delay.c...
linking...
Program Size: Code=828 RO-data=16 RW-data=0 ZI-data=1256  
FromELF: creating hex file...
"..\bin\led_blink.axf" - 0 Error(s), 1 Warning(s).
compiling main.c...
..\app\main.c(13): warning:  #951-D: return type of function "main" must be "int"
..\app\main.c - 0 Error(s), 1 Warning(s).
Rebuild target 'Target 1'
assembling Startup.s...
compiling main.c...
..\app\main.c(13): warning:  #951-D: return type of function "main" must be "int"
compiling delay.c...
linking...
Program Size: Code=828 RO-data=16 RW-data=0 ZI-data=1256  
FromELF: creating hex file...
"..\bin\led_blink.axf" - 0 Error(s), 1 Warning(s).
Build target 'Target 1'
linking...
Program Size: Code=828 RO-data=16 RW-data=0 ZI-data=1256  
FromELF: creating hex file...
"..\bin\led_blink.axf" - 0 Error(s), 0 Warning(s).
Rebuild target 'Target 1'
assembling Startup.s...
compiling main.c...
..\app\main.c(13): warning:  #951-D: return type of function "main" must be "int"
compiling delay.c...
linking...
Program Size: Code=828 RO-data=16 RW-data=0 ZI-data=1256  
FromELF: creating hex file...
"..\bin\led_blink.axf" - 0 Error(s), 1 Warning(s).
