C51 COMPILER V9.60.7.0   MAIN                                                              09/15/2024 17:06:36 PAGE 1   


C51 COMPILER V9.60.7.0, COMPILATION OF MODULE MAIN
OBJECT MODULE PLACED IN ..\bin\main.obj
COMPILER INVOKED BY: C:\Users\user\embedded_development\C51\BIN\C51.EXE ..\app\main.c OPTIMIZE(0,SPEED) BROWSE INCDIR(..
                    -\include) DEBUG OBJECTEXTEND PRINT(.\Listings\main.lst) TABS(2) OBJECT(..\bin\main.obj)

line level    source

   1          #include<reg51.h>
   2          
   3          sbit SW = P1^0;
   4          sbit LED = P2^5;
   5          
   6          void main()
   7            {
   8   1          while(1)
   9   1          {
  10   2            if(SW == 0)
  11   2            {
  12   3              LED = 1;
  13   3            }
  14   2            else
  15   2            {
  16   3              LED = 0;
  17   3            }
  18   2          }
  19   1        }


MODULE INFORMATION:   STATIC OVERLAYABLE
   CODE SIZE        =     12    ----
   CONSTANT SIZE    =   ----    ----
   XDATA SIZE       =   ----    ----
   PDATA SIZE       =   ----    ----
   DATA SIZE        =   ----    ----
   IDATA SIZE       =   ----    ----
   BIT SIZE         =   ----    ----
END OF MODULE INFORMATION.


C51 COMPILATION COMPLETE.  0 WARNING(S),  0 ERROR(S)
