C51 COMPILER V9.60.7.0   MAIN                                                              09/16/2024 09:02:37 PAGE 1   


C51 COMPILER V9.60.7.0, COMPILATION OF MODULE MAIN
OBJECT MODULE PLACED IN ..\bin\main.obj
COMPILER INVOKED BY: C:\Users\user\embedded_development\C51\BIN\C51.EXE ..\app\main.c OPTIMIZE(8,SPEED) BROWSE INCDIR(..
                    -\include) DEBUG OBJECTEXTEND PRINT(.\Listings\main.lst) TABS(2) OBJECT(..\bin\main.obj)

line level    source

   1          #include<reg51.h>
   2          
   3          // switch
   4          sbit SW = P1^0;
   5          
   6          sbit LED = P2^5;
   7          
   8          void main()
   9          {
  10   1      //  int i;
  11   1        LED = 0;
  12   1        
  13   1        while(1)
  14   1        {
  15   2           if(SW == 0 && LED == 0)
  16   2           {
  17   3             LED = 1;
  18   3             while(SW == 0);
  19   3            // for( i=0;i<30000;i++);
  20   3           }
  21   2           else if(SW == 0 && LED == 1)
  22   2           {
  23   3             LED = 0;
  24   3             while(SW == 0);
  25   3            // for( i=0;i<30000;i++);
  26   3           }
  27   2         }
  28   1      }


MODULE INFORMATION:   STATIC OVERLAYABLE
   CODE SIZE        =     28    ----
   CONSTANT SIZE    =   ----    ----
   XDATA SIZE       =   ----    ----
   PDATA SIZE       =   ----    ----
   DATA SIZE        =   ----    ----
   IDATA SIZE       =   ----    ----
   BIT SIZE         =   ----    ----
END OF MODULE INFORMATION.


C51 COMPILATION COMPLETE.  0 WARNING(S),  0 ERROR(S)
