BL51 BANKED LINKER/LOCATER V6.22.4.0                                                    09/16/2024  09:02:39  PAGE 1


BL51 BANKED LINKER/LOCATER V6.22.4.0, INVOKED BY:
C:\USERS\USER\EMBEDDED_DEVELOPMENT\C51\BIN\BL51.EXE ..\bin\STARTUP.obj, ..\bin\main.obj TO ..\bin\togle_switch_led PRINT
>>  (.\Listings\togle_switch_led.m51) CODE (0X0000-0X0FFF)


MEMORY MODEL: SMALL


INPUT MODULES INCLUDED:
  ..\bin\STARTUP.obj (?C_STARTUP)
  ..\bin\main.obj (MAIN)


LINK MAP OF MODULE:  ..\bin\togle_switch_led (?C_STARTUP)


            TYPE    BASE      LENGTH    RELOCATION   SEGMENT NAME
            -----------------------------------------------------

            * * * * * * *   D A T A   M E M O R Y   * * * * * * *
            REG     0000H     0008H     ABSOLUTE     "REG BANK 0"
            IDATA   0008H     0001H     UNIT         ?STACK

            * * * * * * *   C O D E   M E M O R Y   * * * * * * *
            CODE    0000H     0003H     ABSOLUTE     
                    0003H     07FDH                  *** GAP ***
            CODE    0800H     001CH     UNIT         ?PR?MAIN?MAIN
            CODE    081CH     000CH     UNIT         ?C_C51STARTUP



OVERLAY MAP OF MODULE:   ..\bin\togle_switch_led (?C_STARTUP)


SEGMENT
  +--> CALLED SEGMENT
---------------------
?C_C51STARTUP
  +--> ?PR?MAIN?MAIN



SYMBOL TABLE OF MODULE:  ..\bin\togle_switch_led (?C_STARTUP)

  VALUE           TYPE          NAME
  ----------------------------------

  -------         MODULE        ?C_STARTUP
  C:081CH         SEGMENT       ?C_C51STARTUP
  I:0008H         SEGMENT       ?STACK
  C:0000H         PUBLIC        ?C_STARTUP
  D:00E0H         SYMBOL        ACC
  D:00F0H         SYMBOL        B
  D:0083H         SYMBOL        DPH
  D:0082H         SYMBOL        DPL
  N:0000H         SYMBOL        IBPSTACK
  N:0100H         SYMBOL        IBPSTACKTOP
  N:0080H         SYMBOL        IDATALEN
BL51 BANKED LINKER/LOCATER V6.22.4.0                                                  09/16/2024  09:02:39  PAGE 2


  C:081FH         SYMBOL        IDATALOOP
  N:0000H         SYMBOL        PBPSTACK
  N:0100H         SYMBOL        PBPSTACKTOP
  N:0000H         SYMBOL        PDATALEN
  N:0000H         SYMBOL        PDATASTART
  N:0000H         SYMBOL        PPAGE
  N:0000H         SYMBOL        PPAGEENABLE
  D:00A0H         SYMBOL        PPAGE_SFR
  D:0081H         SYMBOL        SP
  C:081CH         SYMBOL        STARTUP1
  N:0000H         SYMBOL        XBPSTACK
  N:0000H         SYMBOL        XBPSTACKTOP
  N:0000H         SYMBOL        XDATALEN
  N:0000H         SYMBOL        XDATASTART
  C:0000H         LINE#         126
  C:081CH         LINE#         133
  C:081EH         LINE#         134
  C:081FH         LINE#         135
  C:0820H         LINE#         136
  C:0822H         LINE#         185
  C:0825H         LINE#         196
  -------         ENDMOD        ?C_STARTUP

  -------         MODULE        MAIN
  C:0000H         SYMBOL        _ICE_DUMMY_
  D:0090H         PUBLIC        P1
  D:00A0H         PUBLIC        P2
  C:0800H         PUBLIC        main
  B:0090H.0       PUBLIC        SW
  B:00A0H.5       PUBLIC        LED
  -------         PROC          MAIN
  C:0800H         LINE#         8
  C:0800H         LINE#         9
  C:0800H         LINE#         11
  C:0802H         LINE#         13
  C:0802H         LINE#         14
  C:0802H         LINE#         15
  C:0808H         LINE#         16
  C:0808H         LINE#         17
  C:080AH         LINE#         18
  C:080FH         LINE#         20
  C:080FH         LINE#         21
  C:0815H         LINE#         22
  C:0815H         LINE#         23
  C:0817H         LINE#         24
  -------         ENDPROC       MAIN
  -------         ENDMOD        MAIN

******************************************************************************
* RESTRICTED VERSION WITH 0800H BYTE CODE SIZE LIMIT; USED: 002BH BYTE ( 2%) *
******************************************************************************

Program Size: data=9.0 xdata=0 code=43
LINK/LOCATE RUN COMPLETE.  0 WARNING(S),  0 ERROR(S)
