<html>
<body>
<pre>
<h1>µVision Build Log</h1>
<h2>Project:</h2>
E:\Development\Embedded\repositories\Embedded_projects\skyy_skill_embedded\project\arm\arm_adc\wsp\arm_adc.uvproj
Project File Date:  04/21/2025

<h2>Output:</h2>
compiling main.c...
..\app\main.c - 0 Error(s), 0 Warning(s).
compiling main.c...
..\app\main.c - 0 Error(s), 0 Warning(s).
Rebuild target 'Target 1'
assembling Startup.s...
compiling main.c...
compiling delay.c...
compiling lcd.c...
compiling pll0.c...
compiling adc.c...
linking...
Program Size: Code=2528 RO-data=16 RW-data=0 ZI-data=1256  
FromELF: creating hex file...
"..\bin\arm_adc.axf" - 0 Error(s), 0 Warning(s).
compiling main.c...
..\app\main.c - 0 Error(s), 0 Warning(s).
Rebuild target 'Target 1'
assembling Startup.s...
compiling main.c...
compiling delay.c...
compiling lcd.c...
compiling pll0.c...
compiling adc.c...
..\src\adc.c(51): error:  #40: expected an identifier
..\src\adc.c(51): error:  #18: expected a ")"
..\src\adc.c(51): error:  #65: expected a ";"
Target not created
Rebuild target 'Target 1'
assembling Startup.s...
compiling main.c...
compiling delay.c...
compiling lcd.c...
compiling pll0.c...
compiling adc.c...
linking...
Program Size: Code=2528 RO-data=16 RW-data=0 ZI-data=1256  
FromELF: creating hex file...
"..\bin\arm_adc.axf" - 0 Error(s), 0 Warning(s).
Rebuild target 'Target 1'
assembling Startup.s...
compiling main.c...
compiling delay.c...
compiling lcd.c...
compiling pll0.c...
compiling adc.c...
linking...
Program Size: Code=2528 RO-data=16 RW-data=0 ZI-data=1256  
FromELF: creating hex file...
"..\bin\arm_adc.axf" - 0 Error(s), 0 Warning(s).
compiling main.c...
..\app\main.c - 0 Error(s), 0 Warning(s).
Build target 'Target 1'
linking...
Program Size: Code=2528 RO-data=16 RW-data=0 ZI-data=1256  
FromELF: creating hex file...
"..\bin\arm_adc.axf" - 0 Error(s), 0 Warning(s).
compiling main.c...
..\app\main.c - 0 Error(s), 0 Warning(s).
Rebuild target 'Target 1'
assembling Startup.s...
compiling main.c...
compiling delay.c...
compiling lcd.c...
compiling pll0.c...
compiling adc.c...
linking...
Program Size: Code=2540 RO-data=16 RW-data=0 ZI-data=1256  
FromELF: creating hex file...
"..\bin\arm_adc.axf" - 0 Error(s), 0 Warning(s).
Build target 'Target 1'
linking...
Program Size: Code=2540 RO-data=16 RW-data=0 ZI-data=1256  
FromELF: creating hex file...
"..\bin\arm_adc.axf" - 0 Error(s), 0 Warning(s).
compiling adc.c...
..\src\adc.c - 0 Error(s), 0 Warning(s).
Build target 'Target 1'
linking...
Program Size: Code=2540 RO-data=16 RW-data=0 ZI-data=1256  
FromELF: creating hex file...
"..\bin\arm_adc.axf" - 0 Error(s), 0 Warning(s).
Rebuild target 'Target 1'
assembling Startup.s...
compiling main.c...
compiling delay.c...
compiling lcd.c...
compiling pll0.c...
compiling adc.c...
linking...
Program Size: Code=2540 RO-data=16 RW-data=0 ZI-data=1256  
FromELF: creating hex file...
"..\bin\arm_adc.axf" - 0 Error(s), 0 Warning(s).
Build target 'Target 1'
linking...
Program Size: Code=2540 RO-data=16 RW-data=0 ZI-data=1256  
FromELF: creating hex file...
"..\bin\arm_adc.axf" - 0 Error(s), 0 Warning(s).
Rebuild target 'Target 1'
assembling Startup.s...
compiling main.c...
..\app\main.c(42): error:  #20: identifier "str_adc_value" is undefined
..\app\main.c(13): warning:  #550-D: variable "voltage_measured" was set but never used
compiling delay.c...
compiling lcd.c...
compiling pll0.c...
compiling adc.c...
Target not created
Rebuild target 'Target 1'
assembling Startup.s...
compiling main.c...
..\app\main.c(13): warning:  #550-D: variable "voltage_measured" was set but never used
compiling delay.c...
compiling lcd.c...
compiling pll0.c...
compiling adc.c...
linking...
Program Size: Code=2548 RO-data=16 RW-data=0 ZI-data=1256  
FromELF: creating hex file...
"..\bin\arm_adc.axf" - 0 Error(s), 1 Warning(s).
