C51 COMPILER V9.60.7.0   MAIN                                                              12/15/2024 17:34:51 PAGE 1   


C51 COMPILER V9.60.7.0, COMPILATION OF MODULE MAIN
OBJECT MODULE PLACED IN ..\bin\main.obj
COMPILER INVOKED BY: C:\Users\user\embedded_development\C51\BIN\C51.EXE ..\app\main.c OPTIMIZE(0,SPEED) BROWSE INCDIR(..
                    -\include) DEBUG OBJECTEXTEND PRINT(.\Listings\main.lst) TABS(2) OBJECT(..\bin\main.obj)

line level    source

   1          #include<reg51.h>
   2          #include<timer.h>
   3          #include<global.h>
   4          #include<interrupt.h>
   5          
   6          
   7          
   8          
   9          void main()
  10             {
  11   1           Enable_Interrupt();  // Enable Global Interrupt
  12   1           Enable_Timer0_Interrupt(); //Enable Timer0 overflow interrupts
  13   1           
  14   1          config_25msec();
  15   1          while(1)
  16   1             {
  17   2              overflow_check();
  18   2              if(counter==160)
  19   2               {
  20   3                 counter = 0;
  21   3                 P1 = ~P1;
  22   3               }
  23   2            }
  24   1        }


MODULE INFORMATION:   STATIC OVERLAYABLE
   CODE SIZE        =     49    ----
   CONSTANT SIZE    =   ----    ----
   XDATA SIZE       =   ----    ----
   PDATA SIZE       =   ----    ----
   DATA SIZE        =   ----    ----
   IDATA SIZE       =   ----    ----
   BIT SIZE         =   ----    ----
END OF MODULE INFORMATION.


C51 COMPILATION COMPLETE.  0 WARNING(S),  0 ERROR(S)
