C51 COMPILER V9.60.7.0   TIMER                                                             11/24/2024 20:24:34 PAGE 1   


C51 COMPILER V9.60.7.0, COMPILATION OF MODULE TIMER
OBJECT MODULE PLACED IN ..\bin\timer.obj
COMPILER INVOKED BY: C:\Users\user\embedded_development\C51\BIN\C51.EXE ..\src\timer.c OPTIMIZE(0,SPEED) BROWSE INCDIR(.
                    -.\include) DEBUG OBJECTEXTEND PRINT(.\Listings\timer.lst) TABS(2) OBJECT(..\bin\timer.obj)

line level    source

   1          #include<timer.h>
   2          #include<reg51.h>
   3          
   4          unsigned int counter = 0; 
   5          
   6          void config_25msec(void)
   7            {
   8   1          TMOD = 0x01;  // Timer 0 Mode 1
   9   1          TH0 = 0xA5;
  10   1          TL0 = 0xFE;
  11   1          TR0 = 1;   // Start timer 0
  12   1        }
  13            
  14          void overflow_check(void)
  15            {
  16   1          while(TF0==1)
  17   1          {
  18   2            TF0 = 0;
  19   2            TH0 = 0xA5;
  20   2            TL0 = 0xFE;
  21   2            counter++;
  22   2          }
  23   1        }
  24            


MODULE INFORMATION:   STATIC OVERLAYABLE
   CODE SIZE        =     34    ----
   CONSTANT SIZE    =   ----    ----
   XDATA SIZE       =   ----    ----
   PDATA SIZE       =   ----    ----
   DATA SIZE        =      2    ----
   IDATA SIZE       =   ----    ----
   BIT SIZE         =   ----    ----
END OF MODULE INFORMATION.


C51 COMPILATION COMPLETE.  0 WARNING(S),  0 ERROR(S)
