BL51 BANKED LINKER/LOCATER V6.22.4.0                                                    01/06/2025  08:33:59  PAGE 1


BL51 BANKED LINKER/LOCATER V6.22.4.0, INVOKED BY:
C:\USERS\USER\EMBEDDED_DEVELOPMENT\C51\BIN\BL51.EXE ..\bin\STARTUP.obj, ..\bin\main.obj, ..\bin\delay.obj, ..\bin\lcd.ob
>> j, ..\bin\timer.obj, ..\bin\uart.obj TO ..\bin\online_validation PRINT (.\Listings\online_validation.m51) CODE (0X000
>> 0-0X0FFF)


MEMORY MODEL: SMALL


INPUT MODULES INCLUDED:
  ..\bin\STARTUP.obj (?C_STARTUP)
  ..\bin\main.obj (MAIN)
  ..\bin\delay.obj (DELAY)
  ..\bin\lcd.obj (LCD)
  ..\bin\timer.obj (TIMER)
  ..\bin\uart.obj (UART)
  C:\USERS\USER\EMBEDDED_DEVELOPMENT\C51\LIB\C51S.LIB (?C_INIT)
  C:\USERS\USER\EMBEDDED_DEVELOPMENT\C51\LIB\C51S.LIB (?C?CLDPTR)
  C:\USERS\USER\EMBEDDED_DEVELOPMENT\C51\LIB\C51S.LIB (?C?CCASE)


LINK MAP OF MODULE:  ..\bin\online_validation (?C_STARTUP)


            TYPE    BASE      LENGTH    RELOCATION   SEGMENT NAME
            -----------------------------------------------------

            * * * * * * *   D A T A   M E M O R Y   * * * * * * *
            REG     0000H     0008H     ABSOLUTE     "REG BANK 0"
            DATA    0008H     0003H     UNIT         ?DT?_SET_LCD_STRING?LCD
            DATA    000BH     0003H     UNIT         ?DT?_SET_UART_STRING?UART
            DATA    000EH     0002H     UNIT         ?DT?_DELAY?DELAY
            DATA    0010H     0002H     UNIT         ?DT?TIMER
            DATA    0012H     0001H     UNIT         ?DT?MAIN?MAIN
            DATA    0013H     0001H     UNIT         ?DT?_WRITE_LCD_PORT?LCD
            DATA    0014H     0001H     UNIT         ?DT?_SET_LCD_COMMAND?LCD
            DATA    0015H     0001H     UNIT         ?DT?_SET_LCD_CHAR?LCD
            DATA    0016H     0001H     UNIT         ?DT?_SET_UART_DATA?UART
            DATA    0017H     0001H     UNIT         ?DT?UART
            IDATA   0018H     0001H     UNIT         ?STACK

            * * * * * * *   C O D E   M E M O R Y   * * * * * * *
            CODE    0000H     0003H     ABSOLUTE     
                    0003H     0020H                  *** GAP ***
            CODE    0023H     0003H     ABSOLUTE     
                    0026H     07DAH                  *** GAP ***
            CODE    0800H     008CH     UNIT         ?C_C51STARTUP
            CODE    088CH     0063H     UNIT         ?PR?MAIN?MAIN
            CODE    08EFH     003FH     UNIT         ?C?LIB_CODE
            CODE    092EH     0027H     UNIT         ?PR?_SET_LCD_STRING?LCD
            CODE    0955H     0027H     UNIT         ?PR?_SET_UART_STRING?UART
            CODE    097CH     0016H     UNIT         ?PR?OVERFLOW_CHECK?TIMER
            CODE    0992H     0013H     UNIT         ?PR?_DELAY?DELAY
            CODE    09A5H     0010H     UNIT         ?PR?INIT_LCD?LCD
            CODE    09B5H     000EH     UNIT         ?CO?MAIN
            CODE    09C3H     000EH     UNIT         ?PR?SET_LCD_CLOCK?LCD
            CODE    09D1H     000CH     UNIT         ?PR?_SET_LCD_COMMAND?LCD
            CODE    09DDH     000CH     UNIT         ?PR?_SET_LCD_CHAR?LCD
BL51 BANKED LINKER/LOCATER V6.22.4.0                                                  01/06/2025  08:33:59  PAGE 2


            CODE    09E9H     000CH     UNIT         ?PR?CONFIG_25MSEC?TIMER
            CODE    09F5H     000CH     UNIT         ?PR?CONFIG_UART?UART
            CODE    0A01H     000BH     UNIT         ?PR?_SET_UART_DATA?UART
            CODE    0A0CH     0009H     UNIT         ?PR?UART_ISR?MAIN
            CODE    0A15H     0008H     UNIT         ?C_INITSEG
            CODE    0A1DH     0006H     UNIT         ?PR?_WRITE_LCD_PORT?LCD



OVERLAY MAP OF MODULE:   ..\bin\online_validation (?C_STARTUP)


SEGMENT
  +--> CALLED SEGMENT
---------------------
?C_C51STARTUP
  +--> ?PR?MAIN?MAIN
  +--> ?C_INITSEG

?PR?MAIN?MAIN
  +--> ?PR?CONFIG_UART?UART
  +--> ?CO?MAIN
  +--> ?PR?_SET_UART_STRING?UART
  +--> ?PR?_SET_UART_DATA?UART

?PR?_SET_UART_STRING?UART
  +--> ?PR?_SET_UART_DATA?UART



SYMBOL TABLE OF MODULE:  ..\bin\online_validation (?C_STARTUP)

  VALUE           TYPE          NAME
  ----------------------------------

  -------         MODULE        ?C_STARTUP
  C:0800H         SEGMENT       ?C_C51STARTUP
  I:0018H         SEGMENT       ?STACK
  C:0000H         PUBLIC        ?C_STARTUP
  D:00E0H         SYMBOL        ACC
  D:00F0H         SYMBOL        B
  D:0083H         SYMBOL        DPH
  D:0082H         SYMBOL        DPL
  N:0000H         SYMBOL        IBPSTACK
  N:0100H         SYMBOL        IBPSTACKTOP
  N:0080H         SYMBOL        IDATALEN
  C:0803H         SYMBOL        IDATALOOP
  N:0000H         SYMBOL        PBPSTACK
  N:0100H         SYMBOL        PBPSTACKTOP
  N:0000H         SYMBOL        PDATALEN
  N:0000H         SYMBOL        PDATASTART
  N:0000H         SYMBOL        PPAGE
  N:0000H         SYMBOL        PPAGEENABLE
  D:00A0H         SYMBOL        PPAGE_SFR
  D:0081H         SYMBOL        SP
  C:0800H         SYMBOL        STARTUP1
  N:0000H         SYMBOL        XBPSTACK
BL51 BANKED LINKER/LOCATER V6.22.4.0                                                  01/06/2025  08:33:59  PAGE 3


  N:0000H         SYMBOL        XBPSTACKTOP
  N:0000H         SYMBOL        XDATALEN
  N:0000H         SYMBOL        XDATASTART
  C:0000H         LINE#         126
  C:0800H         LINE#         133
  C:0802H         LINE#         134
  C:0803H         LINE#         135
  C:0804H         LINE#         136
  C:0806H         LINE#         185
  C:0809H         LINE#         196
  -------         ENDMOD        ?C_STARTUP

  -------         MODULE        MAIN
  C:0000H         SYMBOL        _ICE_DUMMY_
  D:00A0H         PUBLIC        P2
  C:0A0CH         PUBLIC        UART_ISR
  B:0098H.0       PUBLIC        RI
  C:088CH         PUBLIC        main
  D:0099H         PUBLIC        SBUF
  -------         PROC          UART_ISR
  C:0A0CH         LINE#         62
  C:0A0CH         LINE#         64
  C:0A0FH         LINE#         65
  C:0A0FH         LINE#         66
  C:0A12H         LINE#         67
  C:0A14H         LINE#         68
  C:0A14H         LINE#         69
  -------         ENDPROC       UART_ISR
  -------         PROC          MAIN
  -------         DO            
  D:0012H         SYMBOL        isr_data
  -------         ENDDO         
  C:088CH         LINE#         71
  C:088CH         LINE#         72
  C:088CH         LINE#         75
  C:088FH         LINE#         80
  C:0898H         LINE#         85
  C:089BH         LINE#         86
  C:089EH         LINE#         87
  C:08A1H         LINE#         88
  C:08A4H         LINE#         89
  C:08A4H         LINE#         90
  C:08A4H         LINE#         92
  C:08A8H         LINE#         93
  C:08A8H         LINE#         94
  C:08ADH         LINE#         95
  C:08B0H         LINE#         96
  C:08B3H         LINE#         98
  C:08CEH         LINE#         99
  C:08CEH         LINE#         100
  C:08D3H         LINE#         101
  C:08D8H         LINE#         102
  C:08DDH         LINE#         103
  C:08E2H         LINE#         104
  C:08E7H         LINE#         105
  C:08ECH         LINE#         106
  C:08ECH         LINE#         107
BL51 BANKED LINKER/LOCATER V6.22.4.0                                                  01/06/2025  08:33:59  PAGE 4


  C:08ECH         LINE#         108
  -------         ENDPROC       MAIN
  -------         ENDMOD        MAIN

  -------         MODULE        DELAY
  C:0000H         SYMBOL        _ICE_DUMMY_
  C:0992H         PUBLIC        _delay
  -------         PROC          _DELAY
  D:000EH         SYMBOL        count
  C:0992H         LINE#         3
  C:0996H         LINE#         4
  C:0996H         LINE#         5
  C:09A4H         LINE#         6
  -------         ENDPROC       _DELAY
  -------         ENDMOD        DELAY

  -------         MODULE        LCD
  C:0000H         SYMBOL        _ICE_DUMMY_
  D:00A0H         PUBLIC        P2
  D:00B0H         PUBLIC        P3
  C:09D1H         PUBLIC        _Set_LCD_Command
  C:09C3H         PUBLIC        Set_LCD_Clock
  C:092EH         PUBLIC        _Set_LCD_String
  C:09DDH         PUBLIC        _Set_LCD_Char
  C:09A5H         PUBLIC        Init_LCD
  C:0A1DH         PUBLIC        _Write_LCD_Port
  -------         PROC          SET_LCD_CLOCK
  C:09C3H         LINE#         6
  C:09C3H         LINE#         7
  C:09C3H         LINE#         8
  C:09C6H         LINE#         9
  C:09CDH         LINE#         10
  C:09D0H         LINE#         11
  -------         ENDPROC       SET_LCD_CLOCK
  -------         PROC          _WRITE_LCD_PORT
  D:0013H         SYMBOL        value
  C:0A1DH         LINE#         13
  C:0A1FH         LINE#         14
  C:0A1FH         LINE#         15
  C:0A22H         LINE#         16
  -------         ENDPROC       _WRITE_LCD_PORT
  -------         PROC          _SET_LCD_COMMAND
  D:0014H         SYMBOL        command
  C:09D1H         LINE#         18
  C:09D3H         LINE#         19
  C:09D3H         LINE#         20
  C:09D6H         LINE#         21
  C:09D9H         LINE#         22
  C:09DCH         LINE#         23
  -------         ENDPROC       _SET_LCD_COMMAND
  -------         PROC          _SET_LCD_CHAR
  D:0015H         SYMBOL        dat
  C:09DDH         LINE#         25
  C:09DFH         LINE#         26
  C:09DFH         LINE#         27
  C:09E2H         LINE#         28
  C:09E5H         LINE#         29
BL51 BANKED LINKER/LOCATER V6.22.4.0                                                  01/06/2025  08:33:59  PAGE 5


  C:09E8H         LINE#         30
  -------         ENDPROC       _SET_LCD_CHAR
  -------         PROC          INIT_LCD
  C:09A5H         LINE#         32
  C:09A5H         LINE#         33
  C:09A5H         LINE#         34
  C:09AAH         LINE#         35
  C:09AFH         LINE#         36
  C:09B4H         LINE#         37
  -------         ENDPROC       INIT_LCD
  -------         PROC          _SET_LCD_STRING
  D:0008H         SYMBOL        str
  C:092EH         LINE#         39
  C:0934H         LINE#         40
  C:0934H         LINE#         41
  C:0940H         LINE#         42
  C:0940H         LINE#         43
  C:0947H         LINE#         44
  C:0952H         LINE#         45
  C:0954H         LINE#         46
  -------         ENDPROC       _SET_LCD_STRING
  -------         ENDMOD        LCD

  -------         MODULE        TIMER
  C:0000H         SYMBOL        _ICE_DUMMY_
  D:0010H         PUBLIC        counter
  D:0089H         PUBLIC        TMOD
  B:0088H.5       PUBLIC        TF0
  D:008CH         PUBLIC        TH0
  D:008AH         PUBLIC        TL0
  B:0088H.4       PUBLIC        TR0
  C:097CH         PUBLIC        overflow_check
  C:09E9H         PUBLIC        config_25msec
  -------         PROC          CONFIG_25MSEC
  C:09E9H         LINE#         6
  C:09E9H         LINE#         7
  C:09E9H         LINE#         8
  C:09ECH         LINE#         9
  C:09EFH         LINE#         10
  C:09F2H         LINE#         11
  C:09F4H         LINE#         12
  -------         ENDPROC       CONFIG_25MSEC
  -------         PROC          OVERFLOW_CHECK
  C:097CH         LINE#         14
  C:097CH         LINE#         15
  C:097CH         LINE#         16
  C:097FH         LINE#         17
  C:097FH         LINE#         18
  C:0981H         LINE#         19
  C:0984H         LINE#         20
  C:0987H         LINE#         21
  C:098FH         LINE#         22
  C:0991H         LINE#         23
  -------         ENDPROC       OVERFLOW_CHECK
  -------         ENDMOD        TIMER

  -------         MODULE        UART
BL51 BANKED LINKER/LOCATER V6.22.4.0                                                  01/06/2025  08:33:59  PAGE 6


  C:0000H         SYMBOL        _ICE_DUMMY_
  D:0017H         PUBLIC        rdata
  B:0098H.1       PUBLIC        TI
  C:0955H         PUBLIC        _Set_UART_String
  C:0A01H         PUBLIC        _Set_UART_Data
  D:0099H         PUBLIC        SBUF
  D:0098H         PUBLIC        SCON
  D:0089H         PUBLIC        TMOD
  D:008DH         PUBLIC        TH1
  B:0088H.6       PUBLIC        TR1
  C:09F5H         PUBLIC        Config_UART
  -------         PROC          CONFIG_UART
  C:09F5H         LINE#         33
  C:09F5H         LINE#         34
  C:09F5H         LINE#         35
  C:09F8H         LINE#         36
  C:09FBH         LINE#         37
  C:09FEH         LINE#         38
  C:0A00H         LINE#         39
  -------         ENDPROC       CONFIG_UART
  -------         PROC          _SET_UART_DATA
  D:0016H         SYMBOL        dat
  C:0A01H         LINE#         41
  C:0A03H         LINE#         42
  C:0A03H         LINE#         43
  C:0A06H         LINE#         44
  C:0A09H         LINE#         45
  C:0A0BH         LINE#         46
  -------         ENDPROC       _SET_UART_DATA
  -------         PROC          _SET_UART_STRING
  D:000BH         SYMBOL        str
  C:0955H         LINE#         48
  C:095BH         LINE#         49
  C:095BH         LINE#         50
  C:0967H         LINE#         51
  C:0967H         LINE#         52
  C:096EH         LINE#         53
  C:0979H         LINE#         54
  C:097BH         LINE#         55
  -------         ENDPROC       _SET_UART_STRING
  -------         ENDMOD        UART

  -------         MODULE        ?C?CLDPTR
  C:08EFH         PUBLIC        ?C?CLDPTR
  -------         ENDMOD        ?C?CLDPTR

  -------         MODULE        ?C?CCASE
  C:0908H         PUBLIC        ?C?CCASE
  -------         ENDMOD        ?C?CCASE

*** WARNING L16: UNCALLED SEGMENT, IGNORED FOR OVERLAY PROCESS
    SEGMENT: ?PR?INIT_LCD?LCD

*** WARNING L16: UNCALLED SEGMENT, IGNORED FOR OVERLAY PROCESS
    SEGMENT: ?PR?_SET_LCD_STRING?LCD

*** WARNING L16: UNCALLED SEGMENT, IGNORED FOR OVERLAY PROCESS
BL51 BANKED LINKER/LOCATER V6.22.4.0                                                  01/06/2025  08:33:59  PAGE 7


    SEGMENT: ?PR?CONFIG_25MSEC?TIMER

*** WARNING L16: UNCALLED SEGMENT, IGNORED FOR OVERLAY PROCESS
    SEGMENT: ?PR?OVERFLOW_CHECK?TIMER

******************************************************************************
* RESTRICTED VERSION WITH 0800H BYTE CODE SIZE LIMIT; USED: 0169H BYTE (17%) *
******************************************************************************

Program Size: data=25.0 xdata=0 code=553
LINK/LOCATE RUN COMPLETE.  4 WARNING(S),  0 ERROR(S)
