<html>
<body>
<pre>
<h1>µVision Build Log</h1>
<h2>Project:</h2>
F:\skyy_skill_embedded\project\arm\arm_i2c\wsp\arm_i2c.uvproj
Project File Date:  04/11/2025

<h2>Output:</h2>
compiling main.c...
..\app\main.c - 0 Error(s), 0 Warning(s).
compiling main.c...
..\app\main.c(1): error:  #5: cannot open source input file "delay.h": No such file or directory
..\app\main.c - 1 Error(s), 0 Warning(s).
compiling main.c...
..\app\main.c(1): error:  #5: cannot open source input file "delay.h": No such file or directory
..\app\main.c - 1 Error(s), 0 Warning(s).
compiling main.c...
..\app\main.c(1): error:  #5: cannot open source input file "delay.h": No such file or directory
..\app\main.c - 1 Error(s), 0 Warning(s).
compiling main.c...
..\include\delay.h(4): error:  #92: identifier-list parameters may only be used in a function definition
..\app\main.c(4): warning:  #951-D: return type of function "main" must be "int"
..\app\main.c(7): warning:  #1-D: last line of file ends without a newline
..\app\main.c - 1 Error(s), 2 Warning(s).
compiling main.c...
..\include\delay.h(4): error:  #92: identifier-list parameters may only be used in a function definition
..\app\main.c(4): warning:  #951-D: return type of function "main" must be "int"
..\app\main.c(7): warning:  #1-D: last line of file ends without a newline
..\app\main.c - 1 Error(s), 2 Warning(s).
compiling main.c...
..\include\delay.h(4): error:  #92: identifier-list parameters may only be used in a function definition
..\app\main.c(5): warning:  #951-D: return type of function "main" must be "int"
..\app\main.c - 1 Error(s), 1 Warning(s).
compiling main.c...
..\include\delay.h(4): error:  #92: identifier-list parameters may only be used in a function definition
..\app\main.c - 1 Error(s), 0 Warning(s).
compiling main.c...
..\include\delay.h(4): error:  #92: identifier-list parameters may only be used in a function definition
..\app\main.c - 1 Error(s), 0 Warning(s).
compiling main.c...
..\include\delay.h(4): error:  #20: identifier "u32_t" is undefined
..\app\main.c - 1 Error(s), 0 Warning(s).
Build target 'Target 1'
assembling Startup.s...
compiling main.c...
..\include\delay.h(5): error:  #20: identifier "u32_t" is undefined
compiling pll0.c...
compiling lcd.c...
compiling delay.c...
Target not created
Build target 'Target 1'
compiling main.c...
compiling lcd.c...
compiling delay.c...
linking...
..\bin\arm_i2c.axf: Error: L6218E: Undefined symbol Init_I2C0 (referred from main.o).
Target not created
compiling main.c...
..\app\main.c - 0 Error(s), 0 Warning(s).
compiling main.c...
..\app\main.c - 0 Error(s), 0 Warning(s).
Rebuild target 'Target 1'
assembling Startup.s...
compiling main.c...
..\app\main.c(8): error:  #20: identifier "PCONP" is undefined
..\app\main.c(9): warning:  #223-D: function "Init_PLL0" declared implicitly
compiling pll0.c...
compiling lcd.c...
compiling delay.c...
Target not created
Build target 'Target 1'
compiling main.c...
..\app\main.c(9): error:  #20: identifier "PCONP" is undefined
Target not created
Build target 'Target 1'
compiling main.c...
..\app\main.c(9): error:  #20: identifier "PCONP" is undefined
Target not created
compiling main.c...
..\app\main.c - 0 Error(s), 0 Warning(s).
Build target 'Target 1'
linking...
..\bin\arm_i2c.axf: Error: L6218E: Undefined symbol Init_I2C0 (referred from main.o).
Target not created
compiling main.c...
..\app\main.c - 0 Error(s), 0 Warning(s).
Build target 'Target 1'
compiling i2c.c...
..\src\i2c.c(9): error:  #20: identifier "P0_2_SCL0" is undefined
..\src\i2c.c(10): error:  #20: identifier "P0_3_SDA0" is undefined
..\src\i2c.c(28): error:  #20: identifier "I2C0SCLL" is undefined
..\src\i2c.c(29): error:  #20: identifier "I2C0SCLH" is undefined
..\src\i2c.c(40): error:  #20: identifier "I2C0CONCLR" is undefined
..\src\i2c.c(41): error:  #20: identifier "I2C0CONSET" is undefined
..\src\i2c.c(54): error:  #20: identifier "I2C0CONSET" is undefined
..\src\i2c.c(56): error:  #20: identifier "I2CCONCLR" is undefined
..\src\i2c.c(57): error:  #20: identifier "I2C0DAT" is undefined
..\src\i2c.c(64): error:  #20: identifier "I2C0DAT" is undefined
..\src\i2c.c(70): error:  #20: identifier "I2C0CONCLR" is undefined
..\src\i2c.c(71): error:  #20: identifier "I2C0CONSET" is undefined
..\src\i2c.c(80): error:  #20: identifier "I2C0CONSET" is undefined
..\src\i2c.c(81): error:  #20: identifier "I2C0DAT" is undefined
..\src\i2c.c(89): warning:  #223-D: function "ASSERT_NACK_BIT" declared implicitly
..\src\i2c.c(90): error:  #20: identifier "I2C0DAT" is undefined
Target not created
compiling i2c.c...
..\src\i2c.c(29): error:  #20: identifier "I2C0SCLL" is undefined
..\src\i2c.c(30): error:  #20: identifier "I2C0SCLH" is undefined
..\src\i2c.c(41): error:  #20: identifier "I2C0CONCLR" is undefined
..\src\i2c.c(42): error:  #20: identifier "I2C0CONSET" is undefined
..\src\i2c.c(55): error:  #20: identifier "I2C0CONSET" is undefined
..\src\i2c.c(57): error:  #20: identifier "I2CCONCLR" is undefined
..\src\i2c.c(58): error:  #20: identifier "I2C0DAT" is undefined
..\src\i2c.c(65): error:  #20: identifier "I2C0DAT" is undefined
..\src\i2c.c(71): error:  #20: identifier "I2C0CONCLR" is undefined
..\src\i2c.c(72): error:  #20: identifier "I2C0CONSET" is undefined
..\src\i2c.c(81): error:  #20: identifier "I2C0CONSET" is undefined
..\src\i2c.c(82): error:  #20: identifier "I2C0DAT" is undefined
..\src\i2c.c(90): warning:  #223-D: function "ASSERT_NACK_BIT" declared implicitly
..\src\i2c.c(91): error:  #20: identifier "I2C0DAT" is undefined
..\src\i2c.c - 13 Error(s), 1 Warning(s).
compiling i2c.c...
..\src\i2c.c(29): error:  #20: identifier "I2C0SCLL" is undefined
..\src\i2c.c(30): error:  #20: identifier "I2C0SCLH" is undefined
..\src\i2c.c(41): error:  #20: identifier "I2C0CONCLR" is undefined
..\src\i2c.c(42): error:  #20: identifier "I2C0CONSET" is undefined
..\src\i2c.c(55): error:  #20: identifier "I2C0CONSET" is undefined
..\src\i2c.c(57): error:  #20: identifier "I2CCONCLR" is undefined
..\src\i2c.c(58): error:  #20: identifier "I2C0DAT" is undefined
..\src\i2c.c(65): error:  #20: identifier "I2C0DAT" is undefined
..\src\i2c.c(71): error:  #20: identifier "I2C0CONCLR" is undefined
..\src\i2c.c(72): error:  #20: identifier "I2C0CONSET" is undefined
..\src\i2c.c(81): error:  #20: identifier "I2C0CONSET" is undefined
..\src\i2c.c(82): error:  #20: identifier "I2C0DAT" is undefined
..\src\i2c.c(90): warning:  #223-D: function "ASSERT_NACK_BIT" declared implicitly
..\src\i2c.c(91): error:  #20: identifier "I2C0DAT" is undefined
..\src\i2c.c - 13 Error(s), 1 Warning(s).
compiling i2c.c...
..\src\i2c.c(57): error:  #20: identifier "I2CCONCLR" is undefined
..\src\i2c.c(90): warning:  #223-D: function "ASSERT_NACK_BIT" declared implicitly
..\src\i2c.c - 1 Error(s), 1 Warning(s).
compiling i2c.c...
..\src\i2c.c(57): error:  #20: identifier "I2CCONCLR" is undefined
..\src\i2c.c(90): warning:  #223-D: function "ASSERT_NACK_BIT" declared implicitly
..\src\i2c.c - 1 Error(s), 1 Warning(s).
compiling i2c.c...
..\src\i2c.c(57): error:  #20: identifier "I2CCONCLR" is undefined
..\src\i2c.c(90): warning:  #223-D: function "ASSERT_NACK_BIT" declared implicitly
..\src\i2c.c - 1 Error(s), 1 Warning(s).
compiling i2c.c...
..\src\i2c.c(90): warning:  #223-D: function "ASSERT_NACK_BIT" declared implicitly
..\src\i2c.c - 0 Error(s), 1 Warning(s).
compiling i2c.c...
..\src\i2c.c - 0 Error(s), 0 Warning(s).
compiling main.c...
..\app\main.c - 0 Error(s), 0 Warning(s).
Build target 'Target 1'
compiling pll0.c...
compiling lcd.c...
linking...
Program Size: Code=2556 RO-data=16 RW-data=0 ZI-data=1256  
FromELF: creating hex file...
"..\bin\arm_i2c.axf" - 0 Error(s), 0 Warning(s).
Rebuild target 'Target 1'
assembling Startup.s...
compiling main.c...
..\app\main.c(10): warning:  #550-D: variable "received_data" was set but never used
compiling pll0.c...
compiling lcd.c...
compiling delay.c...
compiling i2c.c...
linking...
Program Size: Code=2612 RO-data=16 RW-data=0 ZI-data=1256  
FromELF: creating hex file...
"..\bin\arm_i2c.axf" - 0 Error(s), 1 Warning(s).
compiling main.c...
..\app\main.c(10): warning:  #550-D: variable "received_data" was set but never used
..\app\main.c - 0 Error(s), 1 Warning(s).
Rebuild target 'Target 1'
assembling Startup.s...
compiling main.c...
..\app\main.c(10): warning:  #550-D: variable "received_data" was set but never used
compiling pll0.c...
compiling lcd.c...
compiling delay.c...
compiling i2c.c...
linking...
Program Size: Code=2612 RO-data=16 RW-data=0 ZI-data=1256  
FromELF: creating hex file...
"..\bin\arm_i2c.axf" - 0 Error(s), 1 Warning(s).
compiling main.c...
..\app\main.c(10): warning:  #550-D: variable "received_data" was set but never used
..\app\main.c - 0 Error(s), 1 Warning(s).
