C51 COMPILER V9.60.7.0   UART                                                              12/10/2024 07:24:58 PAGE 1   


C51 COMPILER V9.60.7.0, COMPILATION OF MODULE UART
OBJECT MODULE PLACED IN ..\bin\uart.obj
COMPILER INVOKED BY: C:\Users\user\embedded_development\C51\BIN\C51.EXE ..\src\uart.c OPTIMIZE(0,SPEED) BROWSE INCDIR(..
                    -\include) DEBUG OBJECTEXTEND PRINT(.\Listings\uart.lst) TABS(2) OBJECT(..\bin\uart.obj)

line level    source

   1          #include<reg51.h>
   2          #include<global.h>
   3          
   4          void Config_UART(void)
   5           {
   6   1         TMOD = 0x20;    // Timer 1 mode 2(aut o reload mode ) - Baud rate generation
   7   1         TH1 = 0xFD;     // to set baud rate - 9600
   8   1         SCON = 0x50;    // stop bi + 8 bi dat + start bi
   9   1         TR1 = 1;        // start the timer 1
  10   1       }
  11           
  12           void Set_UART_Data(unsigned char dat)
  13           {
  14   1         SBUF = dat;
  15   1         while(TI == 0);   //wait to complete the dat transmission
  16   1         TI = 0;           // Ready to transmit the next dat
  17   1       }
  18           
  19           void Set_UART_string(unsigned char *str)
  20             {
  21   1           while(*str != '\0')
  22   1           {
  23   2             Set_UART_Data(*str);
  24   2             str++;
  25   2           }
  26   1         }
  27             
  28          /*   
  29           unsigned char Get_UART_Data(void)
  30           {
  31             unsigned char rawdata = 0;
  32             while(RI == 1)
  33             {
  34               rawdata = SBUF;  // Pass the dat to local variable
  35               RI = 0;
  36             }
  37             return rawdata;
  38           }
  39             */


MODULE INFORMATION:   STATIC OVERLAYABLE
   CODE SIZE        =     62    ----
   CONSTANT SIZE    =   ----    ----
   XDATA SIZE       =   ----    ----
   PDATA SIZE       =   ----    ----
   DATA SIZE        =      4    ----
   IDATA SIZE       =   ----    ----
   BIT SIZE         =   ----    ----
END OF MODULE INFORMATION.


C51 COMPILATION COMPLETE.  0 WARNING(S),  0 ERROR(S)
