BL51 BANKED LINKER/LOCATER V6.22.4.0                                                    12/15/2024  17:19:31  PAGE 1


BL51 BANKED LINKER/LOCATER V6.22.4.0, INVOKED BY:
C:\USERS\USER\EMBEDDED_DEVELOPMENT\C51\BIN\BL51.EXE ..\bin\STARTUP.obj, ..\bin\main.obj, ..\bin\uart.obj TO ..\bin\uart_
>> tx_rx_interrupt PRINT (.\Listings\uart_tx_rx_interrupt.m51) CODE (0X0000-0X0FFF)


MEMORY MODEL: SMALL


INPUT MODULES INCLUDED:
  ..\bin\STARTUP.obj (?C_STARTUP)
  ..\bin\main.obj (MAIN)
  ..\bin\uart.obj (UART)
  C:\USERS\USER\EMBEDDED_DEVELOPMENT\C51\LIB\C51S.LIB (?C_INIT)
  C:\USERS\USER\EMBEDDED_DEVELOPMENT\C51\LIB\C51S.LIB (?C?CLDPTR)
  C:\USERS\USER\EMBEDDED_DEVELOPMENT\C51\LIB\C51S.LIB (?C?CCASE)


LINK MAP OF MODULE:  ..\bin\uart_tx_rx_interrupt (?C_STARTUP)


            TYPE    BASE      LENGTH    RELOCATION   SEGMENT NAME
            -----------------------------------------------------

            * * * * * * *   D A T A   M E M O R Y   * * * * * * *
            REG     0000H     0008H     ABSOLUTE     "REG BANK 0"
            DATA    0008H     0003H     UNIT         ?DT?_SET_UART_STRING?UART
            DATA    000BH     0001H     UNIT         ?DT?MAIN?MAIN
            DATA    000CH     0001H     UNIT         ?DT?MAIN
            DATA    000DH     0001H     UNIT         ?DT?_SET_UART_DATA?UART
            IDATA   000EH     0001H     UNIT         ?STACK

            * * * * * * *   C O D E   M E M O R Y   * * * * * * *
            CODE    0000H     0003H     ABSOLUTE     
                    0003H     0020H                  *** GAP ***
            CODE    0023H     0003H     ABSOLUTE     
                    0026H     07DAH                  *** GAP ***
            CODE    0800H     008CH     UNIT         ?C_C51STARTUP
            CODE    088CH     0069H     UNIT         ?PR?MAIN?MAIN
            CODE    08F5H     003FH     UNIT         ?C?LIB_CODE
            CODE    0934H     0027H     UNIT         ?PR?_SET_UART_STRING?UART
            CODE    095BH     000EH     UNIT         ?CO?MAIN
            CODE    0969H     000CH     UNIT         ?PR?CONFIG_UART?UART
            CODE    0975H     000BH     UNIT         ?PR?_SET_UART_DATA?UART
            CODE    0980H     0006H     UNIT         ?PR?UART_ISR?MAIN
            CODE    0986H     0004H     UNIT         ?C_INITSEG



OVERLAY MAP OF MODULE:   ..\bin\uart_tx_rx_interrupt (?C_STARTUP)


SEGMENT
  +--> CALLED SEGMENT
---------------------
?C_C51STARTUP
  +--> ?PR?MAIN?MAIN
  +--> ?C_INITSEG

BL51 BANKED LINKER/LOCATER V6.22.4.0                                                  12/15/2024  17:19:31  PAGE 2


?PR?MAIN?MAIN
  +--> ?PR?CONFIG_UART?UART
  +--> ?CO?MAIN
  +--> ?PR?_SET_UART_STRING?UART
  +--> ?PR?_SET_UART_DATA?UART

?PR?_SET_UART_STRING?UART
  +--> ?PR?_SET_UART_DATA?UART



SYMBOL TABLE OF MODULE:  ..\bin\uart_tx_rx_interrupt (?C_STARTUP)

  VALUE           TYPE          NAME
  ----------------------------------

  -------         MODULE        ?C_STARTUP
  C:0800H         SEGMENT       ?C_C51STARTUP
  I:000EH         SEGMENT       ?STACK
  C:0000H         PUBLIC        ?C_STARTUP
  D:00E0H         SYMBOL        ACC
  D:00F0H         SYMBOL        B
  D:0083H         SYMBOL        DPH
  D:0082H         SYMBOL        DPL
  N:0000H         SYMBOL        IBPSTACK
  N:0100H         SYMBOL        IBPSTACKTOP
  N:0080H         SYMBOL        IDATALEN
  C:0803H         SYMBOL        IDATALOOP
  N:0000H         SYMBOL        PBPSTACK
  N:0100H         SYMBOL        PBPSTACKTOP
  N:0000H         SYMBOL        PDATALEN
  N:0000H         SYMBOL        PDATASTART
  N:0000H         SYMBOL        PPAGE
  N:0000H         SYMBOL        PPAGEENABLE
  D:00A0H         SYMBOL        PPAGE_SFR
  D:0081H         SYMBOL        SP
  C:0800H         SYMBOL        STARTUP1
  N:0000H         SYMBOL        XBPSTACK
  N:0000H         SYMBOL        XBPSTACKTOP
  N:0000H         SYMBOL        XDATALEN
  N:0000H         SYMBOL        XDATASTART
  C:0000H         LINE#         126
  C:0800H         LINE#         133
  C:0802H         LINE#         134
  C:0803H         LINE#         135
  C:0804H         LINE#         136
  C:0806H         LINE#         185
  C:0809H         LINE#         196
  -------         ENDMOD        ?C_STARTUP

  -------         MODULE        MAIN
  C:0000H         SYMBOL        _ICE_DUMMY_
  D:00A0H         PUBLIC        P2
  C:0980H         PUBLIC        UART_ISR
  D:00A8H         PUBLIC        IE
  D:000CH         PUBLIC        rdata
  B:0098H.0       PUBLIC        RI
BL51 BANKED LINKER/LOCATER V6.22.4.0                                                  12/15/2024  17:19:31  PAGE 3


  C:088CH         PUBLIC        main
  D:0099H         PUBLIC        SBUF
  -------         PROC          UART_ISR
  C:0980H         LINE#         8
  C:0980H         LINE#         10
  C:0983H         LINE#         11
  C:0985H         LINE#         12
  -------         ENDPROC       UART_ISR
  -------         PROC          MAIN
  -------         DO            
  D:000BH         SYMBOL        isr_data
  -------         ENDDO         
  C:088CH         LINE#         14
  C:088CH         LINE#         15
  C:088CH         LINE#         17
  C:088FH         LINE#         18
  C:0892H         LINE#         19
  C:0895H         LINE#         20
  C:089EH         LINE#         21
  C:08A1H         LINE#         22
  C:08A4H         LINE#         23
  C:08A7H         LINE#         24
  C:08AAH         LINE#         25
  C:08AAH         LINE#         26
  C:08AAH         LINE#         29
  C:08AEH         LINE#         30
  C:08AEH         LINE#         31
  C:08B3H         LINE#         32
  C:08B6H         LINE#         33
  C:08B9H         LINE#         34
  C:08D4H         LINE#         35
  C:08D4H         LINE#         36
  C:08D7H         LINE#         37
  C:08D9H         LINE#         38
  C:08DCH         LINE#         39
  C:08DEH         LINE#         40
  C:08E1H         LINE#         41
  C:08E3H         LINE#         42
  C:08E6H         LINE#         43
  C:08E8H         LINE#         44
  C:08EBH         LINE#         45
  C:08EDH         LINE#         46
  C:08F0H         LINE#         47
  C:08F2H         LINE#         48
  C:08F2H         LINE#         50
  C:08F2H         LINE#         52
  -------         ENDPROC       MAIN
  -------         ENDMOD        MAIN

  -------         MODULE        UART
  C:0000H         SYMBOL        _ICE_DUMMY_
  B:0098H.1       PUBLIC        TI
  C:0975H         PUBLIC        _Set_UART_Data
  D:0099H         PUBLIC        SBUF
  D:0098H         PUBLIC        SCON
  D:0089H         PUBLIC        TMOD
  C:0934H         PUBLIC        _Set_UART_string
BL51 BANKED LINKER/LOCATER V6.22.4.0                                                  12/15/2024  17:19:31  PAGE 4


  D:008DH         PUBLIC        TH1
  B:0088H.6       PUBLIC        TR1
  C:0969H         PUBLIC        Config_UART
  -------         PROC          CONFIG_UART
  C:0969H         LINE#         4
  C:0969H         LINE#         5
  C:0969H         LINE#         6
  C:096CH         LINE#         7
  C:096FH         LINE#         8
  C:0972H         LINE#         9
  C:0974H         LINE#         10
  -------         ENDPROC       CONFIG_UART
  -------         PROC          _SET_UART_DATA
  D:000DH         SYMBOL        dat
  C:0975H         LINE#         12
  C:0977H         LINE#         13
  C:0977H         LINE#         14
  C:097AH         LINE#         15
  C:097DH         LINE#         16
  C:097FH         LINE#         17
  -------         ENDPROC       _SET_UART_DATA
  -------         PROC          _SET_UART_STRING
  D:0008H         SYMBOL        str
  C:0934H         LINE#         19
  C:093AH         LINE#         20
  C:093AH         LINE#         21
  C:0946H         LINE#         22
  C:0946H         LINE#         23
  C:094DH         LINE#         24
  C:0958H         LINE#         25
  C:095AH         LINE#         26
  -------         ENDPROC       _SET_UART_STRING
  -------         ENDMOD        UART

  -------         MODULE        ?C?CLDPTR
  C:08F5H         PUBLIC        ?C?CLDPTR
  -------         ENDMOD        ?C?CLDPTR

  -------         MODULE        ?C?CCASE
  C:090EH         PUBLIC        ?C?CCASE
  -------         ENDMOD        ?C?CCASE

******************************************************************************
* RESTRICTED VERSION WITH 0800H BYTE CODE SIZE LIMIT; USED: 00D0H BYTE (10%) *
******************************************************************************

Program Size: data=15.0 xdata=0 code=400
LINK/LOCATE RUN COMPLETE.  0 WARNING(S),  0 ERROR(S)
