C51 COMPILER V9.60.7.0   DRV51                                                             09/30/2024 22:08:28 PAGE 1   


C51 COMPILER V9.60.7.0, COMPILATION OF MODULE DRV51
OBJECT MODULE PLACED IN ..\bin\drv51.obj
COMPILER INVOKED BY: C:\Users\user\embedded_development\C51\BIN\C51.EXE ..\src\drv51.c OPTIMIZE(0,SPEED) BROWSE INCDIR(.
                    -.\include) DEBUG OBJECTEXTEND PRINT(.\Listings\drv51.lst) TABS(2) OBJECT(..\bin\drv51.obj)

line level    source

   1          #include<drv51.h>
   2          
   3          void delay(unsigned int count)
   4            {
   5   1          while(count--);
   6   1        }


MODULE INFORMATION:   STATIC OVERLAYABLE
   CODE SIZE        =     19    ----
   CONSTANT SIZE    =   ----    ----
   XDATA SIZE       =   ----    ----
   PDATA SIZE       =   ----    ----
   DATA SIZE        =      2    ----
   IDATA SIZE       =   ----    ----
   BIT SIZE         =   ----    ----
END OF MODULE INFORMATION.


C51 COMPILATION COMPLETE.  0 WARNING(S),  0 ERROR(S)
