BL51 BANKED LINKER/LOCATER V6.22.4.0                                                    09/30/2024  22:08:29  PAGE 1


BL51 BANKED LINKER/LOCATER V6.22.4.0, INVOKED BY:
C:\USERS\USER\EMBEDDED_DEVELOPMENT\C51\BIN\BL51.EXE ..\bin\STARTUP.obj, ..\bin\main.obj, ..\bin\drv51.obj TO ..\bin\step
>> per_motor PRINT (.\Listings\stepper_motor.m51)


MEMORY MODEL: SMALL


INPUT MODULES INCLUDED:
  ..\bin\STARTUP.obj (?C_STARTUP)
  ..\bin\main.obj (MAIN)
  ..\bin\drv51.obj (DRV51)
  C:\USERS\USER\EMBEDDED_DEVELOPMENT\C51\LIB\C51S.LIB (?C_INIT)


LINK MAP OF MODULE:  ..\bin\stepper_motor (?C_STARTUP)


            TYPE    BASE      LENGTH    RELOCATION   SEGMENT NAME
            -----------------------------------------------------

            * * * * * * *   D A T A   M E M O R Y   * * * * * * *
            REG     0000H     0008H     ABSOLUTE     "REG BANK 0"
            DATA    0008H     0008H     UNIT         ?DT?MAIN
            DATA    0010H     0002H     UNIT         ?DT?FORWARD?MAIN
            DATA    0012H     0002H     UNIT         ?DT?BACKWARD?MAIN
            DATA    0014H     0002H     UNIT         ?DT?_DELAY?DRV51
            IDATA   0016H     0001H     UNIT         ?STACK

            * * * * * * *   C O D E   M E M O R Y   * * * * * * *
            CODE    0000H     0003H     ABSOLUTE     
                    0003H     07FDH                  *** GAP ***
            CODE    0800H     008CH     UNIT         ?C_C51STARTUP
            CODE    088CH     0038H     UNIT         ?PR?FORWARD?MAIN
            CODE    08C4H     0031H     UNIT         ?PR?BACKWARD?MAIN
            CODE    08F5H     0014H     UNIT         ?PR?MAIN?MAIN
            CODE    0909H     0013H     UNIT         ?PR?_DELAY?DRV51
            CODE    091CH     000BH     UNIT         ?C_INITSEG



OVERLAY MAP OF MODULE:   ..\bin\stepper_motor (?C_STARTUP)


SEGMENT
  +--> CALLED SEGMENT
---------------------
?C_C51STARTUP
  +--> ?PR?MAIN?MAIN
  +--> ?C_INITSEG

?PR?MAIN?MAIN
  +--> ?PR?FORWARD?MAIN
  +--> ?PR?BACKWARD?MAIN

?PR?FORWARD?MAIN
  +--> ?PR?_DELAY?DRV51

BL51 BANKED LINKER/LOCATER V6.22.4.0                                                  09/30/2024  22:08:29  PAGE 2


?PR?BACKWARD?MAIN
  +--> ?PR?_DELAY?DRV51



SYMBOL TABLE OF MODULE:  ..\bin\stepper_motor (?C_STARTUP)

  VALUE           TYPE          NAME
  ----------------------------------

  -------         MODULE        ?C_STARTUP
  C:0800H         SEGMENT       ?C_C51STARTUP
  I:0016H         SEGMENT       ?STACK
  C:0000H         PUBLIC        ?C_STARTUP
  D:00E0H         SYMBOL        ACC
  D:00F0H         SYMBOL        B
  D:0083H         SYMBOL        DPH
  D:0082H         SYMBOL        DPL
  N:0000H         SYMBOL        IBPSTACK
  N:0100H         SYMBOL        IBPSTACKTOP
  N:0080H         SYMBOL        IDATALEN
  C:0803H         SYMBOL        IDATALOOP
  N:0000H         SYMBOL        PBPSTACK
  N:0100H         SYMBOL        PBPSTACKTOP
  N:0000H         SYMBOL        PDATALEN
  N:0000H         SYMBOL        PDATASTART
  N:0000H         SYMBOL        PPAGE
  N:0000H         SYMBOL        PPAGEENABLE
  D:00A0H         SYMBOL        PPAGE_SFR
  D:0081H         SYMBOL        SP
  C:0800H         SYMBOL        STARTUP1
  N:0000H         SYMBOL        XBPSTACK
  N:0000H         SYMBOL        XBPSTACKTOP
  N:0000H         SYMBOL        XDATALEN
  N:0000H         SYMBOL        XDATASTART
  C:0000H         LINE#         126
  C:0800H         LINE#         133
  C:0802H         LINE#         134
  C:0803H         LINE#         135
  C:0804H         LINE#         136
  C:0806H         LINE#         185
  C:0809H         LINE#         196
  -------         ENDMOD        ?C_STARTUP

  -------         MODULE        MAIN
  C:0000H         SYMBOL        _ICE_DUMMY_
  D:0090H         PUBLIC        P1
  D:00A0H         PUBLIC        P2
  C:08F5H         PUBLIC        main
  C:08C4H         PUBLIC        backward
  B:0090H.0       PUBLIC        SW0
  B:0090H.1       PUBLIC        SW1
  C:088CH         PUBLIC        forward
  D:0008H         PUBLIC        position
  -------         PROC          MAIN
  C:08F5H         LINE#         12
  C:08F5H         LINE#         13
BL51 BANKED LINKER/LOCATER V6.22.4.0                                                  09/30/2024  22:08:29  PAGE 3


  C:08F5H         LINE#         14
  C:08F8H         LINE#         15
  C:08F8H         LINE#         16
  C:08F8H         LINE#         17
  C:08FBH         LINE#         18
  C:08FBH         LINE#         19
  C:08FEH         LINE#         21
  C:0903H         LINE#         22
  C:0903H         LINE#         23
  C:0906H         LINE#         24
  C:0906H         LINE#         25
  -------         ENDPROC       MAIN
  -------         PROC          FORWARD
  -------         DO            
  D:0010H         SYMBOL        i
  -------         ENDDO         
  C:088CH         LINE#         28
  C:088CH         LINE#         29
  C:088CH         LINE#         30
  C:0892H         LINE#         31
  C:08A5H         LINE#         32
  C:08A5H         LINE#         33
  C:08AFH         LINE#         34
  C:08B2H         LINE#         35
  C:08B9H         LINE#         36
  C:08C3H         LINE#         54
  -------         ENDPROC       FORWARD
  -------         PROC          BACKWARD
  -------         DO            
  D:0012H         SYMBOL        i
  -------         ENDDO         
  C:08C4H         LINE#         57
  C:08C4H         LINE#         58
  C:08C4H         LINE#         59
  C:08CAH         LINE#         60
  C:08D9H         LINE#         61
  C:08D9H         LINE#         62
  C:08E3H         LINE#         63
  C:08EAH         LINE#         64
  C:08F4H         LINE#         65
  -------         ENDPROC       BACKWARD
  -------         ENDMOD        MAIN

  -------         MODULE        DRV51
  C:0000H         SYMBOL        _ICE_DUMMY_
  D:0090H         PUBLIC        P1
  C:0909H         PUBLIC        _delay
  -------         PROC          _DELAY
  D:0014H         SYMBOL        count
  C:0909H         LINE#         3
  C:090DH         LINE#         4
  C:090DH         LINE#         5
  C:091BH         LINE#         6
  -------         ENDPROC       _DELAY
  -------         ENDMOD        DRV51

******************************************************************************
BL51 BANKED LINKER/LOCATER V6.22.4.0                                                  09/30/2024  22:08:29  PAGE 4


* RESTRICTED VERSION WITH 0800H BYTE CODE SIZE LIMIT; USED: 00A9H BYTE ( 8%) *
******************************************************************************

Program Size: data=23.0 xdata=0 code=298
LINK/LOCATE RUN COMPLETE.  0 WARNING(S),  0 ERROR(S)
