<html>
<body>
<pre>
<h1>µVision Build Log</h1>
<h2>Project:</h2>
E:\Development\Embedded\repositories\Embedded_projects\skyy_skill_embedded\project\arm\arm_uart\wsp\arm_uart.uvproj
Project File Date:  04/27/2025

<h2>Output:</h2>
compiling main.c...
..\app\main.c - 0 Error(s), 0 Warning(s).
Rebuild target 'Target 1'
assembling Startup.s...
compiling main.c...
compiling delay.c...
compiling pll0.c...
compiling uart0.c...
linking...
Program Size: Code=1168 RO-data=16 RW-data=0 ZI-data=1256  
FromELF: creating hex file...
"..\bin\arm_uart.axf" - 0 Error(s), 0 Warning(s).
*** Note: 'Create Batch File' is active - using 'Rebuild'.
Rebuild target 'Target 1'
assembling Startup.s...
compiling main.c...
compiling delay.c...
compiling pll0.c...
compiling uart0.c...
linking...
Program Size: Code=1168 RO-data=16 RW-data=0 ZI-data=1256  
FromELF: creating hex file...
"..\bin\arm_uart.axf" - 0 Error(s), 0 Warning(s).
compiling uart0.c...
..\src\uart0.c - 0 Error(s), 0 Warning(s).
Rebuild target 'Target 1'
assembling Startup.s...
compiling main.c...
compiling delay.c...
compiling pll0.c...
compiling uart0.c...
linking...
Program Size: Code=1192 RO-data=16 RW-data=0 ZI-data=1256  
FromELF: creating hex file...
"..\bin\arm_uart.axf" - 0 Error(s), 0 Warning(s).
compiling main.c...
..\app\main.c - 0 Error(s), 0 Warning(s).
Rebuild target 'Target 1'
assembling Startup.s...
compiling main.c...
compiling delay.c...
compiling pll0.c...
compiling uart0.c...
linking...
Program Size: Code=1192 RO-data=16 RW-data=0 ZI-data=1256  
FromELF: creating hex file...
"..\bin\arm_uart.axf" - 0 Error(s), 0 Warning(s).
compiling main.c...
..\app\main.c - 0 Error(s), 0 Warning(s).
Rebuild target 'Target 1'
assembling Startup.s...
compiling main.c...
compiling delay.c...
compiling pll0.c...
compiling uart0.c...
linking...
Program Size: Code=1284 RO-data=16 RW-data=0 ZI-data=1256  
FromELF: creating hex file...
"..\bin\arm_uart.axf" - 0 Error(s), 0 Warning(s).
*** Note: 'Create Batch File' is active - using 'Rebuild'.
Rebuild target 'Target 1'
assembling Startup.s...
compiling main.c...
compiling delay.c...
compiling pll0.c...
compiling uart0.c...
linking...
Program Size: Code=1284 RO-data=16 RW-data=0 ZI-data=1256  
FromELF: creating hex file...
"..\bin\arm_uart.axf" - 0 Error(s), 0 Warning(s).
compiling main.c...
..\app\main.c - 0 Error(s), 0 Warning(s).
Rebuild target 'Target 1'
assembling Startup.s...
compiling main.c...
compiling delay.c...
compiling pll0.c...
compiling uart0.c...
linking...
Program Size: Code=1300 RO-data=16 RW-data=0 ZI-data=1256  
FromELF: creating hex file...
"..\bin\arm_uart.axf" - 0 Error(s), 0 Warning(s).
*** Note: 'Create Batch File' is active - using 'Rebuild'.
Rebuild target 'Target 1'
assembling Startup.s...
compiling main.c...
compiling delay.c...
compiling pll0.c...
compiling uart0.c...
linking...
Program Size: Code=1300 RO-data=16 RW-data=0 ZI-data=1256  
FromELF: creating hex file...
"..\bin\arm_uart.axf" - 0 Error(s), 0 Warning(s).
compiling main.c...
..\app\main.c - 0 Error(s), 0 Warning(s).
compiling uart0.c...
..\src\uart0.c - 0 Error(s), 0 Warning(s).
compiling main.c...
..\app\main.c - 0 Error(s), 0 Warning(s).
Rebuild target 'Target 1'
assembling Startup.s...
compiling main.c...
compiling delay.c...
compiling pll0.c...
compiling uart0.c...
linking...
Program Size: Code=1300 RO-data=16 RW-data=0 ZI-data=1256  
FromELF: creating hex file...
"..\bin\arm_uart.axf" - 0 Error(s), 0 Warning(s).
*** Note: 'Create Batch File' is active - using 'Rebuild'.
Rebuild target 'Target 1'
assembling Startup.s...
compiling main.c...
compiling delay.c...
compiling pll0.c...
compiling uart0.c...
linking...
Program Size: Code=1300 RO-data=16 RW-data=0 ZI-data=1256  
FromELF: creating hex file...
"..\bin\arm_uart.axf" - 0 Error(s), 0 Warning(s).
compiling main.c...
..\app\main.c - 0 Error(s), 0 Warning(s).
Rebuild target 'Target 1'
assembling Startup.s...
compiling main.c...
compiling delay.c...
compiling pll0.c...
compiling uart0.c...
linking...
Program Size: Code=1300 RO-data=16 RW-data=0 ZI-data=1256  
FromELF: creating hex file...
"..\bin\arm_uart.axf" - 0 Error(s), 0 Warning(s).
compiling main.c...
..\app\main.c - 0 Error(s), 0 Warning(s).
Rebuild target 'Target 1'
assembling Startup.s...
compiling main.c...
compiling delay.c...
compiling pll0.c...
compiling uart0.c...
linking...
Program Size: Code=1284 RO-data=16 RW-data=0 ZI-data=1256  
FromELF: creating hex file...
"..\bin\arm_uart.axf" - 0 Error(s), 0 Warning(s).
*** Note: 'Create Batch File' is active - using 'Rebuild'.
Rebuild target 'Target 1'
assembling Startup.s...
compiling main.c...
compiling delay.c...
compiling pll0.c...
compiling uart0.c...
linking...
Program Size: Code=1284 RO-data=16 RW-data=0 ZI-data=1256  
FromELF: creating hex file...
"..\bin\arm_uart.axf" - 0 Error(s), 0 Warning(s).
Rebuild target 'Target 1'
assembling Startup.s...
compiling main.c...
compiling delay.c...
compiling pll0.c...
compiling uart0.c...
linking...
Program Size: Code=1284 RO-data=16 RW-data=0 ZI-data=1256  
FromELF: creating hex file...
"..\bin\arm_uart.axf" - 0 Error(s), 0 Warning(s).
*** Note: 'Create Batch File' is active - using 'Rebuild'.
Rebuild target 'Target 1'
assembling Startup.s...
compiling main.c...
compiling delay.c...
compiling pll0.c...
compiling uart0.c...
linking...
Program Size: Code=1284 RO-data=16 RW-data=0 ZI-data=1256  
FromELF: creating hex file...
"..\bin\arm_uart.axf" - 0 Error(s), 0 Warning(s).
*** Note: 'Create Batch File' is active - using 'Rebuild'.
Rebuild target 'Target 1'
assembling Startup.s...
compiling main.c...
compiling delay.c...
compiling pll0.c...
compiling uart0.c...
linking...
Program Size: Code=1284 RO-data=16 RW-data=0 ZI-data=1256  
FromELF: creating hex file...
"..\bin\arm_uart.axf" - 0 Error(s), 0 Warning(s).
compiling main.c...
..\app\main.c - 0 Error(s), 0 Warning(s).
compiling main.c...
..\app\main.c - 0 Error(s), 0 Warning(s).
Rebuild target 'Target 1'
assembling Startup.s...
compiling main.c...
compiling delay.c...
compiling pll0.c...
compiling uart0.c...
linking...
Program Size: Code=1296 RO-data=16 RW-data=0 ZI-data=1256  
FromELF: creating hex file...
"..\bin\arm_uart.axf" - 0 Error(s), 0 Warning(s).
*** Note: 'Create Batch File' is active - using 'Rebuild'.
Rebuild target 'Target 1'
assembling Startup.s...
compiling main.c...
compiling delay.c...
compiling pll0.c...
compiling uart0.c...
linking...
Program Size: Code=1296 RO-data=16 RW-data=0 ZI-data=1256  
FromELF: creating hex file...
"..\bin\arm_uart.axf" - 0 Error(s), 0 Warning(s).
Rebuild target 'Target 1'
assembling Startup.s...
compiling main.c...
compiling delay.c...
compiling pll0.c...
compiling uart0.c...
linking...
Program Size: Code=1304 RO-data=16 RW-data=0 ZI-data=1256  
FromELF: creating hex file...
"..\bin\arm_uart.axf" - 0 Error(s), 0 Warning(s).
compiling main.c...
..\app\main.c - 0 Error(s), 0 Warning(s).
Rebuild target 'Target 1'
assembling Startup.s...
compiling main.c...
compiling delay.c...
compiling pll0.c...
compiling uart0.c...
linking...
Program Size: Code=1304 RO-data=16 RW-data=0 ZI-data=1256  
FromELF: creating hex file...
"..\bin\arm_uart.axf" - 0 Error(s), 0 Warning(s).
*** Note: 'Create Batch File' is active - using 'Rebuild'.
Rebuild target 'Target 1'
assembling Startup.s...
compiling main.c...
compiling delay.c...
compiling pll0.c...
compiling uart0.c...
linking...
Program Size: Code=1304 RO-data=16 RW-data=0 ZI-data=1256  
FromELF: creating hex file...
"..\bin\arm_uart.axf" - 0 Error(s), 0 Warning(s).
compiling main.c...
..\app\main.c - 0 Error(s), 0 Warning(s).
