<html>
<body>
<pre>
<h1>µVision Build Log</h1>
<h2>Project:</h2>
F:\skyy_skill_embedded\project\arm\arm_adc\wsp\arm_adc.uvproj
Project File Date:  03/17/2025

<h2>Output:</h2>
compiling main.c...
..\app\main.c(1): error:  #5: cannot open source input file "global.h": No such file or directory
..\app\main.c - 1 Error(s), 0 Warning(s).
compiling main.c...
..\app\main.c - 0 Error(s), 0 Warning(s).
Build target 'Target 1'
assembling Startup.s...
compiling delay.c...
compiling lcd.c...
compiling pll0.c...
linking...
Program Size: Code=2160 RO-data=16 RW-data=0 ZI-data=1256  
FromELF: creating hex file...
"..\bin\arm_adc.axf" - 0 Error(s), 0 Warning(s).
compiling main.c...
..\app\main.c - 0 Error(s), 0 Warning(s).
