<html>
<body>
<pre>
<h1>µVision Build Log</h1>
<h2>Project:</h2>
E:\Development\Embedded\repositories\Embedded_projects\skyy_skill_embedded\RTOS\project_lcd_led\task_creation.uvproj
Project File Date:  07/10/2025

<h2>Output:</h2>
compiling main.c...
main.c - 0 Error(s), 0 Warning(s).
Rebuild target 'Target 1'
assembling Startup.s...
compiling list.c...
compiling queue.c...
compiling tasks.c...
compiling heap_2.c...
compiling port.c...
assembling portASM.s...
compiling pll0.c...
compiling uart0.c...
compiling main.c...
compiling lcd.c...
compiling delay.c...
linking...
project_lcd_led.axf: Error: L6218E: Undefined symbol Set_Lcd_String_scrolling (referred from main.o).
Target not created
compiling main.c...
main.c - 0 Error(s), 0 Warning(s).
Rebuild target 'Target 1'
assembling Startup.s...
compiling list.c...
compiling queue.c...
compiling tasks.c...
compiling heap_2.c...
compiling port.c...
assembling portASM.s...
compiling pll0.c...
compiling uart0.c...
compiling main.c...
compiling lcd.c...
compiling delay.c...
linking...
Program Size: Code=12596 RO-data=32 RW-data=88 ZI-data=18232  
"project_lcd_led.axf" - 0 Error(s), 0 Warning(s).
compiling main.c...
main.c - 0 Error(s), 0 Warning(s).
Rebuild target 'Target 1'
assembling Startup.s...
compiling list.c...
compiling queue.c...
compiling tasks.c...
compiling heap_2.c...
compiling port.c...
assembling portASM.s...
compiling pll0.c...
compiling uart0.c...
compiling main.c...
compiling lcd.c...
compiling delay.c...
linking...
Program Size: Code=12576 RO-data=32 RW-data=88 ZI-data=18232  
"project_lcd_led.axf" - 0 Error(s), 0 Warning(s).
compiling lcd.c...
src\lcd.c(135): error:  #29: expected an expression
src\lcd.c(135): error:  #20: identifier "i" is undefined
src\lcd.c - 2 Error(s), 0 Warning(s).
compiling main.c...
main.c - 0 Error(s), 0 Warning(s).
Rebuild target 'Target 1'
assembling Startup.s...
compiling list.c...
compiling queue.c...
compiling tasks.c...
compiling heap_2.c...
compiling port.c...
assembling portASM.s...
compiling pll0.c...
compiling uart0.c...
compiling main.c...
compiling lcd.c...
src\lcd.c(135): error:  #29: expected an expression
src\lcd.c(135): error:  #20: identifier "i" is undefined
compiling delay.c...
Target not created
compiling main.c...
main.c - 0 Error(s), 0 Warning(s).
Rebuild target 'Target 1'
assembling Startup.s...
compiling list.c...
compiling queue.c...
compiling tasks.c...
compiling heap_2.c...
compiling port.c...
assembling portASM.s...
compiling pll0.c...
compiling uart0.c...
compiling main.c...
compiling lcd.c...
compiling delay.c...
linking...
Program Size: Code=12464 RO-data=32 RW-data=88 ZI-data=18232  
"project_lcd_led.axf" - 0 Error(s), 0 Warning(s).
Rebuild target 'Target 1'
assembling Startup.s...
compiling list.c...
compiling queue.c...
compiling tasks.c...
compiling heap_2.c...
compiling port.c...
assembling portASM.s...
compiling pll0.c...
compiling uart0.c...
compiling main.c...
compiling lcd.c...
compiling delay.c...
linking...
Program Size: Code=12472 RO-data=32 RW-data=88 ZI-data=18232  
"project_lcd_led.axf" - 0 Error(s), 0 Warning(s).
Rebuild target 'Target 1'
assembling Startup.s...
compiling list.c...
compiling queue.c...
compiling tasks.c...
compiling heap_2.c...
compiling port.c...
assembling portASM.s...
compiling pll0.c...
compiling uart0.c...
compiling main.c...
compiling lcd.c...
compiling delay.c...
linking...
Program Size: Code=12472 RO-data=32 RW-data=88 ZI-data=18232  
"project_lcd_led.axf" - 0 Error(s), 0 Warning(s).
Rebuild target 'Target 1'
assembling Startup.s...
compiling list.c...
compiling queue.c...
compiling tasks.c...
compiling heap_2.c...
compiling port.c...
assembling portASM.s...
compiling pll0.c...
compiling uart0.c...
compiling main.c...
compiling lcd.c...
compiling delay.c...
linking...
Program Size: Code=12472 RO-data=32 RW-data=88 ZI-data=18232  
"project_lcd_led.axf" - 0 Error(s), 0 Warning(s).
Build target 'Target 1'
linking...
Program Size: Code=12472 RO-data=32 RW-data=88 ZI-data=18232  
"project_lcd_led.axf" - 0 Error(s), 0 Warning(s).
compiling main.c...
main.c - 0 Error(s), 0 Warning(s).
Rebuild target 'Target 1'
assembling Startup.s...
compiling list.c...
compiling queue.c...
compiling tasks.c...
compiling heap_2.c...
compiling port.c...
assembling portASM.s...
compiling pll0.c...
compiling uart0.c...
compiling main.c...
compiling lcd.c...
src\lcd.c(136): error:  #20: identifier "length" is undefined
src\lcd.c(136): warning:  #167-D: argument of type "u8_t *" is incompatible with parameter of type "const char *"
src\lcd.c(132): warning:  #177-D: variable "lenth" was declared but never referenced
src\lcd.c(224): error:  #147-D: declaration is incompatible with "size_t strlen(const char *)" (declared at line 327 of "E:\installed\Keil_v5\ARM\ARMCC\bin\..\include\string.h")
compiling delay.c...
Target not created
compiling main.c...
main.c - 0 Error(s), 0 Warning(s).
Rebuild target 'Target 1'
assembling Startup.s...
compiling list.c...
compiling queue.c...
compiling tasks.c...
compiling heap_2.c...
compiling port.c...
assembling portASM.s...
compiling pll0.c...
compiling uart0.c...
compiling main.c...
compiling lcd.c...
src\lcd.c(136): error:  #20: identifier "length" is undefined
src\lcd.c(136): warning:  #167-D: argument of type "unsigned char *" is incompatible with parameter of type "const char *"
src\lcd.c(132): warning:  #177-D: variable "lenth" was declared but never referenced
src\lcd.c(224): error:  #147-D: declaration is incompatible with "size_t strlen(const char *)" (declared at line 327 of "E:\installed\Keil_v5\ARM\ARMCC\bin\..\include\string.h")
compiling delay.c...
Target not created
compiling main.c...
main.c - 0 Error(s), 0 Warning(s).
Rebuild target 'Target 1'
assembling Startup.s...
compiling list.c...
compiling queue.c...
compiling tasks.c...
compiling heap_2.c...
compiling port.c...
assembling portASM.s...
compiling pll0.c...
compiling uart0.c...
compiling main.c...
compiling lcd.c...
src\lcd.c(136): error:  #20: identifier "length" is undefined
src\lcd.c(136): warning:  #167-D: argument of type "unsigned char *" is incompatible with parameter of type "const char *"
src\lcd.c(132): warning:  #177-D: variable "lenth" was declared but never referenced
src\lcd.c(224): error:  #147-D: declaration is incompatible with "size_t strlen(const char *)" (declared at line 327 of "E:\installed\Keil_v5\ARM\ARMCC\bin\..\include\string.h")
compiling delay.c...
Target not created
Rebuild target 'Target 1'
assembling Startup.s...
compiling list.c...
compiling queue.c...
compiling tasks.c...
compiling heap_2.c...
compiling port.c...
assembling portASM.s...
compiling pll0.c...
compiling uart0.c...
compiling main.c...
compiling lcd.c...
src\lcd.c(136): warning:  #167-D: argument of type "unsigned char *" is incompatible with parameter of type "const char *"
src\lcd.c(224): error:  #147-D: declaration is incompatible with "size_t strlen(const char *)" (declared at line 327 of "E:\installed\Keil_v5\ARM\ARMCC\bin\..\include\string.h")
compiling delay.c...
Target not created
Rebuild target 'Target 1'
assembling Startup.s...
compiling list.c...
compiling queue.c...
compiling tasks.c...
compiling heap_2.c...
compiling port.c...
assembling portASM.s...
compiling pll0.c...
compiling uart0.c...
compiling main.c...
compiling lcd.c...
src\lcd.c(136): warning:  #223-D: function "strlength" declared implicitly
compiling delay.c...
linking...
Program Size: Code=12524 RO-data=32 RW-data=88 ZI-data=18232  
"project_lcd_led.axf" - 0 Error(s), 1 Warning(s).
Rebuild target 'Target 1'
assembling Startup.s...
compiling list.c...
compiling queue.c...
compiling tasks.c...
compiling heap_2.c...
compiling port.c...
assembling portASM.s...
compiling pll0.c...
compiling uart0.c...
compiling main.c...
compiling lcd.c...
compiling delay.c...
linking...
Program Size: Code=12524 RO-data=32 RW-data=88 ZI-data=18232  
"project_lcd_led.axf" - 0 Error(s), 0 Warning(s).
compiling main.c...
main.c - 0 Error(s), 0 Warning(s).
Rebuild target 'Target 1'
assembling Startup.s...
compiling list.c...
compiling queue.c...
compiling tasks.c...
compiling heap_2.c...
compiling port.c...
assembling portASM.s...
compiling pll0.c...
compiling uart0.c...
compiling main.c...
compiling lcd.c...
src\lcd.c(140): warning:  #223-D: function "malloc" declared implicitly
src\lcd.c(152): warning:  #223-D: function "free" declared implicitly
compiling delay.c...
linking...
Program Size: Code=13204 RO-data=32 RW-data=88 ZI-data=18232  
"project_lcd_led.axf" - 0 Error(s), 2 Warning(s).
Rebuild target 'Target 1'
assembling Startup.s...
compiling list.c...
compiling queue.c...
compiling tasks.c...
compiling heap_2.c...
compiling port.c...
assembling portASM.s...
compiling pll0.c...
compiling uart0.c...
compiling main.c...
compiling lcd.c...
src\lcd.c(141): error:  #144: a value of type "void *" cannot be used to initialize an entity of type "int"
compiling delay.c...
Target not created
compiling lcd.c...
src\lcd.c(141): error:  #29: expected an expression
src\lcd.c - 1 Error(s), 0 Warning(s).
compiling main.c...
main.c - 0 Error(s), 0 Warning(s).
Rebuild target 'Target 1'
assembling Startup.s...
compiling list.c...
compiling queue.c...
compiling tasks.c...
compiling heap_2.c...
compiling port.c...
assembling portASM.s...
compiling pll0.c...
compiling uart0.c...
compiling main.c...
compiling lcd.c...
compiling delay.c...
linking...
Program Size: Code=13204 RO-data=32 RW-data=88 ZI-data=18232  
"project_lcd_led.axf" - 0 Error(s), 0 Warning(s).
Rebuild target 'Target 1'
assembling Startup.s...
compiling list.c...
compiling queue.c...
compiling tasks.c...
compiling heap_2.c...
compiling port.c...
assembling portASM.s...
compiling pll0.c...
compiling uart0.c...
compiling main.c...
compiling lcd.c...
compiling delay.c...
linking...
Program Size: Code=13204 RO-data=32 RW-data=88 ZI-data=18232  
"project_lcd_led.axf" - 0 Error(s), 0 Warning(s).
Rebuild target 'Target 1'
assembling Startup.s...
compiling list.c...
compiling queue.c...
compiling tasks.c...
compiling heap_2.c...
compiling port.c...
assembling portASM.s...
compiling pll0.c...
compiling uart0.c...
compiling main.c...
compiling lcd.c...
compiling delay.c...
linking...
Program Size: Code=12524 RO-data=32 RW-data=88 ZI-data=18232  
"project_lcd_led.axf" - 0 Error(s), 0 Warning(s).
Rebuild target 'Target 1'
assembling Startup.s...
compiling list.c...
compiling queue.c...
compiling tasks.c...
compiling heap_2.c...
compiling port.c...
assembling portASM.s...
compiling pll0.c...
compiling uart0.c...
compiling main.c...
compiling lcd.c...
src\lcd.c(142): warning:  #550-D: variable "length" was set but never used
compiling delay.c...
linking...
Program Size: Code=12520 RO-data=32 RW-data=88 ZI-data=18232  
"project_lcd_led.axf" - 0 Error(s), 1 Warning(s).
compiling main.c...
main.c(16): warning:  #1295-D: Deprecated declaration config_GPIO_Pins - give arg types
main.c(145): warning:  #223-D: function "delay_ms" declared implicitly
main.c - 0 Error(s), 2 Warning(s).
compiling main.c...
main.c(16): warning:  #1295-D: Deprecated declaration config_GPIO_Pins - give arg types
main.c(145): warning:  #223-D: function "delay" declared implicitly
main.c - 0 Error(s), 2 Warning(s).
compiling main.c...
main.c(17): warning:  #1295-D: Deprecated declaration config_GPIO_Pins - give arg types
main.c - 0 Error(s), 1 Warning(s).
compiling main.c...
main.c(17): warning:  #1295-D: Deprecated declaration config_GPIO_Pins - give arg types
main.c - 0 Error(s), 1 Warning(s).
compiling main.c...
main.c - 0 Error(s), 0 Warning(s).
Build target 'Target 1'
compiling list.c...
compiling queue.c...
compiling tasks.c...
compiling heap_2.c...
compiling port.c...
compiling pll0.c...
compiling uart0.c...
compiling lcd.c...
src\lcd.c(142): warning:  #550-D: variable "length" was set but never used
linking...
Program Size: Code=12720 RO-data=32 RW-data=88 ZI-data=18232  
"project_lcd_led.axf" - 0 Error(s), 1 Warning(s).
Rebuild target 'Target 1'
assembling Startup.s...
compiling list.c...
compiling queue.c...
compiling tasks.c...
compiling heap_2.c...
compiling port.c...
assembling portASM.s...
compiling pll0.c...
compiling uart0.c...
compiling main.c...
compiling lcd.c...
src\lcd.c(142): warning:  #550-D: variable "length" was set but never used
compiling delay.c...
linking...
Program Size: Code=12720 RO-data=32 RW-data=88 ZI-data=18232  
"project_lcd_led.axf" - 0 Error(s), 1 Warning(s).
Build target 'Target 1'
linking...
Program Size: Code=12720 RO-data=32 RW-data=88 ZI-data=18232  
"project_lcd_led.axf" - 0 Error(s), 0 Warning(s).
compiling main.c...
main.c - 0 Error(s), 0 Warning(s).
Build target 'Target 1'
linking...
Program Size: Code=12676 RO-data=32 RW-data=88 ZI-data=18232  
"project_lcd_led.axf" - 0 Error(s), 0 Warning(s).
compiling main.c...
main.c - 0 Error(s), 0 Warning(s).
Build target 'Target 1'
linking...
Program Size: Code=12728 RO-data=32 RW-data=88 ZI-data=18232  
"project_lcd_led.axf" - 0 Error(s), 0 Warning(s).
compiling main.c...
main.c - 0 Error(s), 0 Warning(s).
Rebuild target 'Target 1'
assembling Startup.s...
compiling list.c...
compiling queue.c...
compiling tasks.c...
compiling heap_2.c...
compiling port.c...
assembling portASM.s...
compiling pll0.c...
compiling uart0.c...
compiling main.c...
compiling lcd.c...
src\lcd.c(142): warning:  #550-D: variable "length" was set but never used
compiling delay.c...
linking...
Program Size: Code=12720 RO-data=32 RW-data=88 ZI-data=18232  
"project_lcd_led.axf" - 0 Error(s), 1 Warning(s).
Build target 'Target 1'
linking...
Program Size: Code=12720 RO-data=32 RW-data=88 ZI-data=18232  
"project_lcd_led.axf" - 0 Error(s), 0 Warning(s).
compiling main.c...
main.c - 0 Error(s), 0 Warning(s).
Rebuild target 'Target 1'
assembling Startup.s...
compiling list.c...
compiling queue.c...
compiling tasks.c...
compiling heap_2.c...
compiling port.c...
assembling portASM.s...
compiling pll0.c...
compiling uart0.c...
compiling main.c...
compiling lcd.c...
src\lcd.c(142): warning:  #550-D: variable "length" was set but never used
compiling delay.c...
linking...
Program Size: Code=12720 RO-data=32 RW-data=88 ZI-data=18232  
"project_lcd_led.axf" - 0 Error(s), 1 Warning(s).
Build target 'Target 1'
linking...
Program Size: Code=12720 RO-data=32 RW-data=88 ZI-data=18232  
"project_lcd_led.axf" - 0 Error(s), 0 Warning(s).
compiling main.c...
main.c - 0 Error(s), 0 Warning(s).
Rebuild target 'Target 1'
assembling Startup.s...
compiling list.c...
compiling queue.c...
compiling tasks.c...
compiling heap_2.c...
compiling port.c...
assembling portASM.s...
compiling pll0.c...
compiling uart0.c...
compiling main.c...
compiling lcd.c...
src\lcd.c(142): warning:  #550-D: variable "length" was set but never used
compiling delay.c...
linking...
Program Size: Code=12728 RO-data=32 RW-data=88 ZI-data=18232  
"project_lcd_led.axf" - 0 Error(s), 1 Warning(s).
Build target 'Target 1'
linking...
Program Size: Code=12728 RO-data=32 RW-data=88 ZI-data=18232  
"project_lcd_led.axf" - 0 Error(s), 0 Warning(s).
compiling main.c...
main.c - 0 Error(s), 0 Warning(s).
Rebuild target 'Target 1'
assembling Startup.s...
compiling list.c...
compiling queue.c...
compiling tasks.c...
compiling heap_2.c...
compiling port.c...
assembling portASM.s...
compiling pll0.c...
compiling uart0.c...
compiling main.c...
compiling lcd.c...
src\lcd.c(142): warning:  #550-D: variable "length" was set but never used
compiling delay.c...
linking...
Program Size: Code=12728 RO-data=32 RW-data=88 ZI-data=18232  
"project_lcd_led.axf" - 0 Error(s), 1 Warning(s).
Build target 'Target 1'
linking...
Program Size: Code=12728 RO-data=32 RW-data=88 ZI-data=18232  
"project_lcd_led.axf" - 0 Error(s), 0 Warning(s).
Build target 'Target 1'
linking...
Program Size: Code=12728 RO-data=32 RW-data=88 ZI-data=18232  
"project_lcd_led.axf" - 0 Error(s), 0 Warning(s).
compiling main.c...
main.c - 0 Error(s), 0 Warning(s).
Rebuild target 'Target 1'
assembling Startup.s...
compiling list.c...
compiling queue.c...
compiling tasks.c...
compiling heap_2.c...
compiling port.c...
assembling portASM.s...
compiling pll0.c...
compiling uart0.c...
compiling main.c...
compiling lcd.c...
src\lcd.c(142): warning:  #550-D: variable "length" was set but never used
compiling delay.c...
linking...
Program Size: Code=12724 RO-data=32 RW-data=88 ZI-data=18232  
"project_lcd_led.axf" - 0 Error(s), 1 Warning(s).
Build target 'Target 1'
linking...
Program Size: Code=12724 RO-data=32 RW-data=88 ZI-data=18232  
"project_lcd_led.axf" - 0 Error(s), 0 Warning(s).
compiling main.c...
main.c - 0 Error(s), 0 Warning(s).
Rebuild target 'Target 1'
assembling Startup.s...
compiling list.c...
compiling queue.c...
compiling tasks.c...
compiling heap_2.c...
compiling port.c...
assembling portASM.s...
compiling pll0.c...
compiling uart0.c...
compiling main.c...
compiling lcd.c...
src\lcd.c(142): warning:  #550-D: variable "length" was set but never used
compiling delay.c...
linking...
Program Size: Code=12724 RO-data=32 RW-data=88 ZI-data=18232  
"project_lcd_led.axf" - 0 Error(s), 1 Warning(s).
compiling main.c...
main.c - 0 Error(s), 0 Warning(s).
compiling main.c...
main.c - 0 Error(s), 0 Warning(s).
Build target 'Target 1'
linking...
Program Size: Code=12724 RO-data=32 RW-data=88 ZI-data=18232  
"project_lcd_led.axf" - 0 Error(s), 0 Warning(s).
compiling main.c...
main.c - 0 Error(s), 0 Warning(s).
Rebuild target 'Target 1'
assembling Startup.s...
compiling list.c...
compiling queue.c...
compiling tasks.c...
compiling heap_2.c...
compiling port.c...
assembling portASM.s...
compiling pll0.c...
compiling uart0.c...
compiling main.c...
compiling lcd.c...
src\lcd.c(142): warning:  #550-D: variable "length" was set but never used
compiling delay.c...
linking...
Program Size: Code=12724 RO-data=32 RW-data=88 ZI-data=18232  
"project_lcd_led.axf" - 0 Error(s), 1 Warning(s).
compiling main.c...
main.c - 0 Error(s), 0 Warning(s).
Rebuild target 'Target 1'
assembling Startup.s...
compiling list.c...
compiling queue.c...
compiling tasks.c...
compiling heap_2.c...
compiling port.c...
assembling portASM.s...
compiling pll0.c...
compiling uart0.c...
compiling main.c...
compiling lcd.c...
src\lcd.c(142): warning:  #550-D: variable "length" was set but never used
compiling delay.c...
linking...
Program Size: Code=12748 RO-data=32 RW-data=88 ZI-data=18232  
"project_lcd_led.axf" - 0 Error(s), 1 Warning(s).
Build target 'Target 1'
linking...
Program Size: Code=12748 RO-data=32 RW-data=88 ZI-data=18232  
"project_lcd_led.axf" - 0 Error(s), 0 Warning(s).
compiling main.c...
main.c - 0 Error(s), 0 Warning(s).
Build target 'Target 1'
linking...
Program Size: Code=12740 RO-data=32 RW-data=88 ZI-data=18232  
"project_lcd_led.axf" - 0 Error(s), 0 Warning(s).
Rebuild target 'Target 1'
assembling Startup.s...
compiling list.c...
compiling queue.c...
compiling tasks.c...
compiling heap_2.c...
compiling port.c...
assembling portASM.s...
compiling pll0.c...
compiling uart0.c...
compiling main.c...
compiling lcd.c...
src\lcd.c(152): warning:  #223-D: function "vTaskDelay" declared implicitly
compiling delay.c...
linking...
Program Size: Code=12740 RO-data=32 RW-data=88 ZI-data=18232  
"project_lcd_led.axf" - 0 Error(s), 1 Warning(s).
compiling main.c...
main.c - 0 Error(s), 0 Warning(s).
Rebuild target 'Target 1'
assembling Startup.s...
compiling list.c...
compiling queue.c...
compiling tasks.c...
compiling heap_2.c...
compiling port.c...
assembling portASM.s...
compiling pll0.c...
compiling uart0.c...
compiling main.c...
compiling lcd.c...
src\lcd.c(152): warning:  #223-D: function "vTaskDelay" declared implicitly
compiling delay.c...
linking...
Program Size: Code=12740 RO-data=32 RW-data=88 ZI-data=18232  
"project_lcd_led.axf" - 0 Error(s), 1 Warning(s).
Build target 'Target 1'
linking...
Program Size: Code=12740 RO-data=32 RW-data=88 ZI-data=18232  
"project_lcd_led.axf" - 0 Error(s), 0 Warning(s).
Build target 'Target 1'
linking...
Program Size: Code=12740 RO-data=32 RW-data=88 ZI-data=18232  
"project_lcd_led.axf" - 0 Error(s), 0 Warning(s).
compiling main.c...
main.c - 0 Error(s), 0 Warning(s).
Rebuild target 'Target 1'
assembling Startup.s...
compiling list.c...
compiling queue.c...
compiling tasks.c...
compiling heap_2.c...
compiling port.c...
assembling portASM.s...
compiling pll0.c...
compiling uart0.c...
compiling main.c...
compiling lcd.c...
src\lcd.c(152): warning:  #223-D: function "vTaskDelay" declared implicitly
src\lcd.c(143): warning:  #177-D: variable "length" was declared but never referenced
src\lcd.c(78): warning:  #177-D: function "strlength" was declared but never referenced
compiling delay.c...
linking...
Program Size: Code=12724 RO-data=32 RW-data=88 ZI-data=18232  
"project_lcd_led.axf" - 0 Error(s), 3 Warning(s).
Build target 'Target 1'
linking...
Program Size: Code=12724 RO-data=32 RW-data=88 ZI-data=18232  
"project_lcd_led.axf" - 0 Error(s), 0 Warning(s).
Rebuild target 'Target 1'
assembling Startup.s...
compiling list.c...
compiling queue.c...
compiling tasks.c...
compiling heap_2.c...
compiling port.c...
assembling portASM.s...
compiling pll0.c...
compiling uart0.c...
compiling main.c...
compiling lcd.c...
src\lcd.c(152): warning:  #223-D: function "vTaskDelay" declared implicitly
src\lcd.c(143): warning:  #177-D: variable "length" was declared but never referenced
src\lcd.c(78): warning:  #177-D: function "strlength" was declared but never referenced
compiling delay.c...
linking...
Program Size: Code=12724 RO-data=32 RW-data=88 ZI-data=18232  
"project_lcd_led.axf" - 0 Error(s), 3 Warning(s).
compiling main.c...
main.c - 0 Error(s), 0 Warning(s).
Rebuild target 'Target 1'
assembling Startup.s...
compiling list.c...
compiling queue.c...
compiling tasks.c...
compiling heap_2.c...
compiling port.c...
assembling portASM.s...
compiling pll0.c...
compiling uart0.c...
compiling main.c...
compiling lcd.c...
src\lcd.c(143): warning:  #177-D: variable "length" was declared but never referenced
src\lcd.c(78): warning:  #177-D: function "strlength" was declared but never referenced
compiling delay.c...
linking...
Program Size: Code=12724 RO-data=32 RW-data=88 ZI-data=18232  
"project_lcd_led.axf" - 0 Error(s), 2 Warning(s).
Rebuild target 'Target 1'
assembling Startup.s...
compiling list.c...
compiling queue.c...
compiling tasks.c...
compiling heap_2.c...
compiling port.c...
assembling portASM.s...
compiling pll0.c...
compiling uart0.c...
compiling main.c...
compiling lcd.c...
src\lcd.c(78): warning:  #177-D: function "strlength" was declared but never referenced
compiling delay.c...
linking...
Program Size: Code=12720 RO-data=32 RW-data=88 ZI-data=18232  
"project_lcd_led.axf" - 0 Error(s), 1 Warning(s).
compiling lcd.c...
src\lcd.c(78): warning:  #177-D: function "strlength" was declared but never referenced
src\lcd.c - 0 Error(s), 1 Warning(s).
compiling main.c...
main.c - 0 Error(s), 0 Warning(s).
Rebuild target 'Target 1'
assembling Startup.s...
compiling list.c...
compiling queue.c...
compiling tasks.c...
compiling heap_2.c...
compiling port.c...
assembling portASM.s...
compiling pll0.c...
compiling uart0.c...
compiling main.c...
compiling lcd.c...
src\lcd.c(78): warning:  #177-D: function "strlength" was declared but never referenced
compiling delay.c...
linking...
Program Size: Code=12720 RO-data=32 RW-data=88 ZI-data=18232  
"project_lcd_led.axf" - 0 Error(s), 1 Warning(s).
Build target 'Target 1'
linking...
Program Size: Code=12720 RO-data=32 RW-data=88 ZI-data=18232  
"project_lcd_led.axf" - 0 Error(s), 0 Warning(s).
compiling main.c...
main.c - 0 Error(s), 0 Warning(s).
Rebuild target 'Target 1'
assembling Startup.s...
compiling list.c...
compiling queue.c...
compiling tasks.c...
compiling heap_2.c...
compiling port.c...
assembling portASM.s...
compiling pll0.c...
compiling uart0.c...
compiling main.c...
compiling lcd.c...
src\lcd.c(78): warning:  #177-D: function "strlength" was declared but never referenced
compiling delay.c...
linking...
Program Size: Code=12720 RO-data=32 RW-data=88 ZI-data=18232  
"project_lcd_led.axf" - 0 Error(s), 1 Warning(s).
Build target 'Target 1'
linking...
Program Size: Code=12720 RO-data=32 RW-data=88 ZI-data=18232  
"project_lcd_led.axf" - 0 Error(s), 0 Warning(s).
compiling main.c...
main.c - 0 Error(s), 0 Warning(s).
Build target 'Target 1'
linking...
Program Size: Code=12720 RO-data=32 RW-data=88 ZI-data=18232  
"project_lcd_led.axf" - 0 Error(s), 0 Warning(s).
compiling main.c...
main.c - 0 Error(s), 0 Warning(s).
Rebuild target 'Target 1'
assembling Startup.s...
compiling list.c...
compiling queue.c...
compiling tasks.c...
compiling heap_2.c...
compiling port.c...
assembling portASM.s...
compiling pll0.c...
compiling uart0.c...
compiling main.c...
compiling lcd.c...
src\lcd.c(78): warning:  #177-D: function "strlength" was declared but never referenced
compiling delay.c...
linking...
Program Size: Code=12724 RO-data=32 RW-data=88 ZI-data=18232  
"project_lcd_led.axf" - 0 Error(s), 1 Warning(s).
Build target 'Target 1'
linking...
Program Size: Code=12724 RO-data=32 RW-data=88 ZI-data=18232  
"project_lcd_led.axf" - 0 Error(s), 0 Warning(s).
compiling main.c...
main.c - 0 Error(s), 0 Warning(s).
Rebuild target 'Target 1'
assembling Startup.s...
compiling list.c...
compiling queue.c...
compiling tasks.c...
compiling heap_2.c...
compiling port.c...
assembling portASM.s...
compiling pll0.c...
compiling uart0.c...
compiling main.c...
compiling lcd.c...
src\lcd.c(78): warning:  #177-D: function "strlength" was declared but never referenced
compiling delay.c...
linking...
Program Size: Code=12740 RO-data=32 RW-data=88 ZI-data=18232  
"project_lcd_led.axf" - 0 Error(s), 1 Warning(s).
Build target 'Target 1'
linking...
Program Size: Code=12740 RO-data=32 RW-data=88 ZI-data=18232  
"project_lcd_led.axf" - 0 Error(s), 0 Warning(s).
compiling main.c...
main.c - 0 Error(s), 0 Warning(s).
compiling main.c...
main.c - 0 Error(s), 0 Warning(s).
Build target 'Target 1'
linking...
Program Size: Code=12740 RO-data=32 RW-data=88 ZI-data=18232  
"project_lcd_led.axf" - 0 Error(s), 0 Warning(s).
Rebuild target 'Target 1'
assembling Startup.s...
compiling list.c...
compiling queue.c...
compiling tasks.c...
compiling heap_2.c...
compiling port.c...
assembling portASM.s...
compiling pll0.c...
compiling uart0.c...
compiling main.c...
compiling lcd.c...
src\lcd.c(78): warning:  #177-D: function "strlength" was declared but never referenced
compiling delay.c...
linking...
Program Size: Code=12740 RO-data=32 RW-data=88 ZI-data=18232  
"project_lcd_led.axf" - 0 Error(s), 1 Warning(s).
Build target 'Target 1'
linking...
Program Size: Code=12740 RO-data=32 RW-data=88 ZI-data=18232  
"project_lcd_led.axf" - 0 Error(s), 0 Warning(s).
compiling main.c...
main.c - 0 Error(s), 0 Warning(s).
Rebuild target 'Target 1'
assembling Startup.s...
compiling list.c...
compiling queue.c...
compiling tasks.c...
compiling heap_2.c...
compiling port.c...
assembling portASM.s...
compiling pll0.c...
compiling uart0.c...
compiling main.c...
compiling lcd.c...
src\lcd.c(78): warning:  #177-D: function "strlength" was declared but never referenced
compiling delay.c...
linking...
Program Size: Code=12696 RO-data=32 RW-data=88 ZI-data=18232  
"project_lcd_led.axf" - 0 Error(s), 1 Warning(s).
Build target 'Target 1'
linking...
Program Size: Code=12696 RO-data=32 RW-data=88 ZI-data=18232  
"project_lcd_led.axf" - 0 Error(s), 0 Warning(s).
compiling main.c...
main.c - 0 Error(s), 0 Warning(s).
compiling main.c...
main.c(14): warning:  #1295-D: Deprecated declaration config_GPIO_Pins - give arg types
main.c(15): warning:  #77-D: this declaration has no storage class or type specifier
main.c(16): warning:  #77-D: this declaration has no storage class or type specifier
main.c(24): warning:  #167-D: argument of type "int (*)(void *)" is incompatible with parameter of type "TaskFunction_t"
main.c(25): warning:  #167-D: argument of type "int (*)(void *)" is incompatible with parameter of type "TaskFunction_t"
main.c(33): error:  #147: declaration is incompatible with "int task1(void *)" (declared at line 15)
main.c(43): error:  #29: expected an expression
main.c(43): error:  #20: identifier "i" is undefined
main.c(55): error:  #147: declaration is incompatible with "int task2(void *)" (declared at line 16)
main.c(61): error:  #29: expected an expression
main.c(61): error:  #20: identifier "i" is undefined
main.c - 6 Error(s), 5 Warning(s).
compiling main.c...
main.c(14): warning:  #1295-D: Deprecated declaration config_GPIO_Pins - give arg types
main.c(15): warning:  #77-D: this declaration has no storage class or type specifier
main.c(16): warning:  #77-D: this declaration has no storage class or type specifier
main.c(24): warning:  #167-D: argument of type "int (*)(void *)" is incompatible with parameter of type "TaskFunction_t"
main.c(25): warning:  #167-D: argument of type "int (*)(void *)" is incompatible with parameter of type "TaskFunction_t"
main.c(33): error:  #147: declaration is incompatible with "int task1(void *)" (declared at line 15)
main.c(56): error:  #147: declaration is incompatible with "int task2(void *)" (declared at line 16)
main.c(63): error:  #29: expected an expression
main.c - 3 Error(s), 5 Warning(s).
compiling main.c...
main.c(14): warning:  #1295-D: Deprecated declaration config_GPIO_Pins - give arg types
main.c(15): warning:  #77-D: this declaration has no storage class or type specifier
main.c(16): warning:  #77-D: this declaration has no storage class or type specifier
main.c(24): warning:  #167-D: argument of type "int (*)(void *)" is incompatible with parameter of type "TaskFunction_t"
main.c(25): warning:  #167-D: argument of type "int (*)(void *)" is incompatible with parameter of type "TaskFunction_t"
main.c(33): error:  #147: declaration is incompatible with "int task1(void *)" (declared at line 15)
main.c(56): error:  #147: declaration is incompatible with "int task2(void *)" (declared at line 16)
main.c(63): error:  #29: expected an expression
main.c - 3 Error(s), 5 Warning(s).
compiling main.c...
main.c(14): warning:  #1295-D: Deprecated declaration config_GPIO_Pins - give arg types
main.c(63): error:  #29: expected an expression
main.c - 1 Error(s), 1 Warning(s).
compiling main.c...
main.c(63): error:  #29: expected an expression
main.c - 1 Error(s), 0 Warning(s).
compiling main.c...
main.c - 0 Error(s), 0 Warning(s).
Rebuild target 'Target 1'
assembling Startup.s...
compiling list.c...
compiling queue.c...
compiling tasks.c...
compiling heap_2.c...
compiling port.c...
assembling portASM.s...
compiling pll0.c...
compiling uart0.c...
compiling main.c...
compiling lcd.c...
src\lcd.c(78): warning:  #177-D: function "strlength" was declared but never referenced
compiling delay.c...
linking...
Program Size: Code=12348 RO-data=32 RW-data=88 ZI-data=18232  
"project_lcd_led.axf" - 0 Error(s), 1 Warning(s).
compiling main.c...
main.c - 0 Error(s), 0 Warning(s).
Build target 'Target 1'
linking...
Program Size: Code=12348 RO-data=32 RW-data=88 ZI-data=18232  
"project_lcd_led.axf" - 0 Error(s), 0 Warning(s).
compiling main.c...
main.c - 0 Error(s), 0 Warning(s).
Rebuild target 'Target 1'
assembling Startup.s...
compiling list.c...
compiling queue.c...
compiling tasks.c...
compiling heap_2.c...
compiling port.c...
assembling portASM.s...
compiling pll0.c...
compiling uart0.c...
compiling main.c...
compiling lcd.c...
src\lcd.c(78): warning:  #177-D: function "strlength" was declared but never referenced
compiling delay.c...
linking...
Program Size: Code=12348 RO-data=32 RW-data=88 ZI-data=18232  
"project_lcd_led.axf" - 0 Error(s), 1 Warning(s).
Build target 'Target 1'
linking...
Program Size: Code=12348 RO-data=32 RW-data=88 ZI-data=18232  
"project_lcd_led.axf" - 0 Error(s), 0 Warning(s).
