<html>
<body>
<pre>
<h1>µVision Build Log</h1>
<h2>Project:</h2>
E:\Development\Embedded\repositories\Embedded_projects\skyy_skill_embedded\RTOS\project_lcd_led\task_creation.uvproj
Project File Date:  06/25/2025

<h2>Output:</h2>
compiling main.c...
main.c - 0 Error(s), 0 Warning(s).
Build target 'Target 1'
compiling list.c...
compiling queue.c...
compiling tasks.c...
compiling heap_2.c...
compiling port.c...
assembling portASM.s...
compiling pll0.c...
compiling uart0.c...
linking...
Program Size: Code=14348 RO-data=32 RW-data=92 ZI-data=18228  
"project_lcd_led.axf" - 0 Error(s), 0 Warning(s).
compiling main.c...
main.c(17): error:  #169: expected a declaration
main.c - 1 Error(s), 0 Warning(s).
compiling main.c...
main.c - 0 Error(s), 0 Warning(s).
Build target 'Target 1'
linking...
Program Size: Code=10968 RO-data=32 RW-data=88 ZI-data=18232  
"project_lcd_led.axf" - 0 Error(s), 0 Warning(s).
compiling main.c...
main.c - 0 Error(s), 0 Warning(s).
Build target 'Target 1'
linking...
Program Size: Code=10964 RO-data=32 RW-data=88 ZI-data=18232  
"project_lcd_led.axf" - 0 Error(s), 0 Warning(s).
compiling main.c...
main.c - 0 Error(s), 0 Warning(s).
Build target 'Target 1'
linking...
project_lcd_led.axf: Error: L6218E: Undefined symbol Init_Lcd (referred from main.o).
project_lcd_led.axf: Error: L6218E: Undefined symbol Set_Lcd_Command (referred from main.o).
Target not created
Build target 'Target 1'
compiling lcd.c...
linking...
project_lcd_led.axf: Error: L6218E: Undefined symbol delay (referred from lcd.o).
Target not created
compiling main.c...
main.c - 0 Error(s), 0 Warning(s).
Build target 'Target 1'
compiling lcd.c...
linking...
project_lcd_led.axf: Error: L6218E: Undefined symbol delay (referred from lcd.o).
Target not created
Build target 'Target 1'
linking...
project_lcd_led.axf: Error: L6218E: Undefined symbol delay (referred from lcd.o).
Target not created
compiling main.c...
main.c - 0 Error(s), 0 Warning(s).
Build target 'Target 1'
linking...
project_lcd_led.axf: Error: L6218E: Undefined symbol delay (referred from lcd.o).
Target not created
compiling main.c...
main.c - 0 Error(s), 0 Warning(s).
Build target 'Target 1'
compiling delay.c...
linking...
Program Size: Code=12356 RO-data=32 RW-data=88 ZI-data=18232  
"project_lcd_led.axf" - 0 Error(s), 0 Warning(s).
compiling main.c...
main.c - 0 Error(s), 0 Warning(s).
Build target 'Target 1'
linking...
Program Size: Code=12372 RO-data=32 RW-data=88 ZI-data=18232  
"project_lcd_led.axf" - 0 Error(s), 0 Warning(s).
Rebuild target 'Target 1'
assembling Startup.s...
compiling list.c...
compiling queue.c...
compiling tasks.c...
compiling heap_2.c...
compiling port.c...
assembling portASM.s...
compiling pll0.c...
compiling uart0.c...
compiling main.c...
compiling lcd.c...
compiling delay.c...
linking...
Program Size: Code=12372 RO-data=32 RW-data=88 ZI-data=18232  
"project_lcd_led.axf" - 0 Error(s), 0 Warning(s).
Build target 'Target 1'
linking...
Program Size: Code=12372 RO-data=32 RW-data=88 ZI-data=18232  
"project_lcd_led.axf" - 0 Error(s), 0 Warning(s).
compiling main.c...
main.c - 0 Error(s), 0 Warning(s).
Build target 'Target 1'
linking...
Program Size: Code=12376 RO-data=32 RW-data=88 ZI-data=18232  
"project_lcd_led.axf" - 0 Error(s), 0 Warning(s).
Rebuild target 'Target 1'
assembling Startup.s...
compiling list.c...
compiling queue.c...
compiling tasks.c...
compiling heap_2.c...
compiling port.c...
assembling portASM.s...
compiling pll0.c...
compiling uart0.c...
compiling main.c...
compiling lcd.c...
compiling delay.c...
linking...
Program Size: Code=12376 RO-data=32 RW-data=88 ZI-data=18232  
"project_lcd_led.axf" - 0 Error(s), 0 Warning(s).
