BL51 BANKED LINKER/LOCATER V6.22.4.0                                                    09/18/2024  09:28:55  PAGE 1


BL51 BANKED LINKER/LOCATER V6.22.4.0, INVOKED BY:
C:\USERS\USER\EMBEDDED_DEVELOPMENT\C51\BIN\BL51.EXE ..\bin\STARTUP.obj, ..\bin\main.obj TO ..\bin\alternate_led_blink PR
>> INT (.\Listings\alternate_led_blink.m51) CODE (0X0000-0X0FFF)


MEMORY MODEL: SMALL


INPUT MODULES INCLUDED:
  ..\bin\STARTUP.obj (?C_STARTUP)
  ..\bin\main.obj (MAIN)


LINK MAP OF MODULE:  ..\bin\alternate_led_blink (?C_STARTUP)


            TYPE    BASE      LENGTH    RELOCATION   SEGMENT NAME
            -----------------------------------------------------

            * * * * * * *   D A T A   M E M O R Y   * * * * * * *
            REG     0000H     0008H     ABSOLUTE     "REG BANK 0"
            DATA    0008H     0004H     UNIT         ?DT?MAIN?MAIN
            DATA    000CH     0002H     UNIT         ?DT?CLRREG?MAIN
            IDATA   000EH     0001H     UNIT         ?STACK

            * * * * * * *   C O D E   M E M O R Y   * * * * * * *
            CODE    0000H     0003H     ABSOLUTE     
                    0003H     07FDH                  *** GAP ***
            CODE    0800H     006EH     UNIT         ?PR?MAIN?MAIN
            CODE    086EH     0036H     UNIT         ?PR?CLRREG?MAIN
            CODE    08A4H     000CH     UNIT         ?C_C51STARTUP



OVERLAY MAP OF MODULE:   ..\bin\alternate_led_blink (?C_STARTUP)


SEGMENT
  +--> CALLED SEGMENT
---------------------
?C_C51STARTUP
  +--> ?PR?MAIN?MAIN

?PR?MAIN?MAIN
  +--> ?PR?CLRREG?MAIN



SYMBOL TABLE OF MODULE:  ..\bin\alternate_led_blink (?C_STARTUP)

  VALUE           TYPE          NAME
  ----------------------------------

  -------         MODULE        ?C_STARTUP
  C:08A4H         SEGMENT       ?C_C51STARTUP
  I:000EH         SEGMENT       ?STACK
  C:0000H         PUBLIC        ?C_STARTUP
  D:00E0H         SYMBOL        ACC
BL51 BANKED LINKER/LOCATER V6.22.4.0                                                  09/18/2024  09:28:55  PAGE 2


  D:00F0H         SYMBOL        B
  D:0083H         SYMBOL        DPH
  D:0082H         SYMBOL        DPL
  N:0000H         SYMBOL        IBPSTACK
  N:0100H         SYMBOL        IBPSTACKTOP
  N:0080H         SYMBOL        IDATALEN
  C:08A7H         SYMBOL        IDATALOOP
  N:0000H         SYMBOL        PBPSTACK
  N:0100H         SYMBOL        PBPSTACKTOP
  N:0000H         SYMBOL        PDATALEN
  N:0000H         SYMBOL        PDATASTART
  N:0000H         SYMBOL        PPAGE
  N:0000H         SYMBOL        PPAGEENABLE
  D:00A0H         SYMBOL        PPAGE_SFR
  D:0081H         SYMBOL        SP
  C:08A4H         SYMBOL        STARTUP1
  N:0000H         SYMBOL        XBPSTACK
  N:0000H         SYMBOL        XBPSTACKTOP
  N:0000H         SYMBOL        XDATALEN
  N:0000H         SYMBOL        XDATASTART
  C:0000H         LINE#         126
  C:08A4H         LINE#         133
  C:08A6H         LINE#         134
  C:08A7H         LINE#         135
  C:08A8H         LINE#         136
  C:08AAH         LINE#         185
  C:08ADH         LINE#         196
  -------         ENDMOD        ?C_STARTUP

  -------         MODULE        MAIN
  C:0000H         SYMBOL        _ICE_DUMMY_
  D:00A0H         PUBLIC        P2
  C:0800H         PUBLIC        main
  C:086EH         PUBLIC        clrReg
  -------         PROC          MAIN
  -------         DO            
  D:0008H         SYMBOL        i
  -------         DO            
  D:000AH         SYMBOL        j
  -------         ENDDO         
  -------         ENDDO         
  C:0800H         LINE#         14
  C:0800H         LINE#         15
  C:0800H         LINE#         20
  C:0803H         LINE#         21
  C:0803H         LINE#         22
  C:0803H         LINE#         23
  C:0809H         LINE#         27
  C:081CH         LINE#         28
  C:081CH         LINE#         29
  C:0822H         LINE#         30
  C:0832H         LINE#         31
  C:084FH         LINE#         32
  C:0861H         LINE#         33
  C:086BH         LINE#         34
  -------         ENDPROC       MAIN
  -------         PROC          CLRREG
BL51 BANKED LINKER/LOCATER V6.22.4.0                                                  09/18/2024  09:28:55  PAGE 3


  -------         DO            
  D:000CH         SYMBOL        i
  -------         ENDDO         
  C:086EH         LINE#         37
  C:086EH         LINE#         38
  C:086EH         LINE#         39
  C:0874H         LINE#         40
  C:0887H         LINE#         41
  C:0887H         LINE#         42
  C:0899H         LINE#         43
  C:08A3H         LINE#         44
  -------         ENDPROC       CLRREG
  -------         ENDMOD        MAIN

******************************************************************************
* RESTRICTED VERSION WITH 0800H BYTE CODE SIZE LIMIT; USED: 00B3H BYTE ( 8%) *
******************************************************************************

Program Size: data=15.0 xdata=0 code=179
LINK/LOCATE RUN COMPLETE.  0 WARNING(S),  0 ERROR(S)
