C51 COMPILER V9.60.7.0   MAIN                                                              09/18/2024 09:28:54 PAGE 1   


C51 COMPILER V9.60.7.0, COMPILATION OF MODULE MAIN
OBJECT MODULE PLACED IN ..\bin\main.obj
COMPILER INVOKED BY: C:\Users\user\embedded_development\C51\BIN\C51.EXE ..\app\main.c OPTIMIZE(0,SPEED) BROWSE INCDIR(..
                    -\include) DEBUG OBJECTEXTEND PRINT(.\Listings\main.lst) TABS(2) OBJECT(..\bin\main.obj)

line level    source

   1          #include<reg51.h>
   2          
   3          //sbit LED0 = P1^0;
   4          //sbit LED1 = P1^1;
   5          //sbit LED2 = P1^2;
   6          //sbit LED3 = P1^3;
   7          //sbit LED4 = P1^4;
   8          //sbit LED5 = P1^5;
   9          //sbit LED6 = P1^6;
  10          //sbit LED7 = P1^7;
  11          
  12          void clrReg();
  13          
  14          void main()
  15            {
  16   1          
  17   1          //LED0 = 0;
  18   1        //  P1 = ~P1;
  19   1        //  LED1 = 0;
  20   1          clrReg();
  21   1          while(1)
  22   1          {
  23   2            int i = 0;
  24   2            //LED0 = 1;
  25   2            //P0<<1;
  26   2            //for(i=0;i<30000;i++);
  27   2            for(i=0;i<=7;i++)
  28   2            {
  29   3              int j = 0;
  30   3              P2 = P2 | (1<<i);
  31   3              for(j=0;j<10000;j++);
  32   3              P2 = P2 & (~(1<<i));
  33   3            }
  34   2          }
  35   1        }
  36            
  37          void clrReg()
  38          {
  39   1        int i = 0;
  40   1        for(i=0;i<=7;i++)
  41   1        {
  42   2          P2 = P2 & (~(1<<i));
  43   2        }
  44   1      }


MODULE INFORMATION:   STATIC OVERLAYABLE
   CODE SIZE        =    164    ----
   CONSTANT SIZE    =   ----    ----
   XDATA SIZE       =   ----    ----
   PDATA SIZE       =   ----    ----
   DATA SIZE        =      6    ----
   IDATA SIZE       =   ----    ----
   BIT SIZE         =   ----    ----
C51 COMPILER V9.60.7.0   MAIN                                                              09/18/2024 09:28:54 PAGE 2   

END OF MODULE INFORMATION.


C51 COMPILATION COMPLETE.  0 WARNING(S),  0 ERROR(S)
